Component: ARM Compiler 5.06 update 4 (build 422) Tool: armlink [4d35d2]

==============================================================================

Section Cross References

    startup_stm32f401xc.o(RESET) refers to startup_stm32f401xc.o(STACK) for __initial_sp
    startup_stm32f401xc.o(RESET) refers to startup_stm32f401xc.o(.text) for Reset_Handler
    startup_stm32f401xc.o(RESET) refers to stm32f4xx_it.o(i.NMI_Handler) for NMI_Handler
    startup_stm32f401xc.o(RESET) refers to stm32f4xx_it.o(i.HardFault_Handler) for HardFault_Handler
    startup_stm32f401xc.o(RESET) refers to stm32f4xx_it.o(i.MemManage_Handler) for MemManage_Handler
    startup_stm32f401xc.o(RESET) refers to stm32f4xx_it.o(i.BusFault_Handler) for BusFault_Handler
    startup_stm32f401xc.o(RESET) refers to stm32f4xx_it.o(i.UsageFault_Handler) for UsageFault_Handler
    startup_stm32f401xc.o(RESET) refers to stm32f4xx_it.o(i.SVC_Handler) for SVC_Handler
    startup_stm32f401xc.o(RESET) refers to stm32f4xx_it.o(i.DebugMon_Handler) for DebugMon_Handler
    startup_stm32f401xc.o(RESET) refers to stm32f4xx_it.o(i.PendSV_Handler) for PendSV_Handler
    startup_stm32f401xc.o(RESET) refers to stm32f4xx_it.o(i.SysTick_Handler) for SysTick_Handler
    startup_stm32f401xc.o(RESET) refers to stm32f4xx_it.o(i.TIM2_IRQHandler) for TIM2_IRQHandler
    startup_stm32f401xc.o(RESET) refers to stm32f4xx_it.o(i.USART1_IRQHandler) for USART1_IRQHandler
    startup_stm32f401xc.o(RESET) refers to stm32f4xx_it.o(i.USART2_IRQHandler) for USART2_IRQHandler
    startup_stm32f401xc.o(RESET) refers to stm32f4xx_it.o(i.DMA2_Stream2_IRQHandler) for DMA2_Stream2_IRQHandler
    startup_stm32f401xc.o(RESET) refers to stm32f4xx_it.o(i.USART6_IRQHandler) for USART6_IRQHandler
    startup_stm32f401xc.o(.text) refers to system_stm32f4xx.o(i.SystemInit) for SystemInit
    startup_stm32f401xc.o(.text) refers to entry.o(.ARM.Collect$$$$00000000) for __main
    cjson.o(i.add_item_to_object) refers to cjson.o(i.cJSON_strdup) for cJSON_strdup
    cjson.o(i.add_item_to_object) refers to cjson.o(i.add_item_to_array) for add_item_to_array
    cjson.o(i.cJSON_AddArrayToObject) refers to cjson.o(i.cJSON_CreateArray) for cJSON_CreateArray
    cjson.o(i.cJSON_AddArrayToObject) refers to cjson.o(i.add_item_to_object) for add_item_to_object
    cjson.o(i.cJSON_AddArrayToObject) refers to cjson.o(i.cJSON_Delete) for cJSON_Delete
    cjson.o(i.cJSON_AddArrayToObject) refers to cjson.o(.data) for .data
    cjson.o(i.cJSON_AddBoolToObject) refers to cjson.o(i.cJSON_CreateBool) for cJSON_CreateBool
    cjson.o(i.cJSON_AddBoolToObject) refers to cjson.o(i.add_item_to_object) for add_item_to_object
    cjson.o(i.cJSON_AddBoolToObject) refers to cjson.o(i.cJSON_Delete) for cJSON_Delete
    cjson.o(i.cJSON_AddBoolToObject) refers to cjson.o(.data) for .data
    cjson.o(i.cJSON_AddFalseToObject) refers to cjson.o(i.cJSON_CreateFalse) for cJSON_CreateFalse
    cjson.o(i.cJSON_AddFalseToObject) refers to cjson.o(i.add_item_to_object) for add_item_to_object
    cjson.o(i.cJSON_AddFalseToObject) refers to cjson.o(i.cJSON_Delete) for cJSON_Delete
    cjson.o(i.cJSON_AddFalseToObject) refers to cjson.o(.data) for .data
    cjson.o(i.cJSON_AddItemReferenceToArray) refers to cjson.o(i.create_reference) for create_reference
    cjson.o(i.cJSON_AddItemReferenceToArray) refers to cjson.o(i.add_item_to_array) for add_item_to_array
    cjson.o(i.cJSON_AddItemReferenceToArray) refers to cjson.o(.data) for .data
    cjson.o(i.cJSON_AddItemReferenceToObject) refers to cjson.o(i.create_reference) for create_reference
    cjson.o(i.cJSON_AddItemReferenceToObject) refers to cjson.o(i.add_item_to_object) for add_item_to_object
    cjson.o(i.cJSON_AddItemReferenceToObject) refers to cjson.o(.data) for .data
    cjson.o(i.cJSON_AddItemToArray) refers to cjson.o(i.add_item_to_array) for add_item_to_array
    cjson.o(i.cJSON_AddItemToObject) refers to cjson.o(i.add_item_to_object) for add_item_to_object
    cjson.o(i.cJSON_AddItemToObject) refers to cjson.o(.data) for .data
    cjson.o(i.cJSON_AddItemToObjectCS) refers to cjson.o(i.add_item_to_object) for add_item_to_object
    cjson.o(i.cJSON_AddItemToObjectCS) refers to cjson.o(.data) for .data
    cjson.o(i.cJSON_AddNullToObject) refers to cjson.o(i.cJSON_CreateNull) for cJSON_CreateNull
    cjson.o(i.cJSON_AddNullToObject) refers to cjson.o(i.add_item_to_object) for add_item_to_object
    cjson.o(i.cJSON_AddNullToObject) refers to cjson.o(i.cJSON_Delete) for cJSON_Delete
    cjson.o(i.cJSON_AddNullToObject) refers to cjson.o(.data) for .data
    cjson.o(i.cJSON_AddNumberToObject) refers to cjson.o(i.cJSON_CreateNumber) for cJSON_CreateNumber
    cjson.o(i.cJSON_AddNumberToObject) refers to cjson.o(i.add_item_to_object) for add_item_to_object
    cjson.o(i.cJSON_AddNumberToObject) refers to cjson.o(i.cJSON_Delete) for cJSON_Delete
    cjson.o(i.cJSON_AddNumberToObject) refers to cjson.o(.data) for .data
[...]
    ..\Drivers\STM32F4xx_HAL_Driver\Src\stm32f4xx_hal_pwr.c 0x00000000   Number         0  stm32f4xx_hal_pwr.o ABSOLUTE
    ..\Drivers\STM32F4xx_HAL_Driver\Src\stm32f4xx_hal_pwr_ex.c 0x00000000   Number         0  stm32f4xx_hal_pwr_ex.o ABSOLUTE
    ..\Drivers\STM32F4xx_HAL_Driver\Src\stm32f4xx_hal_rcc.c 0x00000000   Number         0  stm32f4xx_hal_rcc.o ABSOLUTE
    ..\Drivers\STM32F4xx_HAL_Driver\Src\stm32f4xx_hal_rcc_ex.c 0x00000000   Number         0  stm32f4xx_hal_rcc_ex.o ABSOLUTE
    ..\Drivers\STM32F4xx_HAL_Driver\Src\stm32f4xx_hal_spi.c 0x00000000   Number         0  stm32f4xx_hal_spi.o ABSOLUTE
    ..\Drivers\STM32F4xx_HAL_Driver\Src\stm32f4xx_hal_tim.c 0x00000000   Number         0  stm32f4xx_hal_tim.o ABSOLUTE
    ..\Drivers\STM32F4xx_HAL_Driver\Src\stm32f4xx_hal_tim_ex.c 0x00000000   Number         0  stm32f4xx_hal_tim_ex.o ABSOLUTE
    ..\Drivers\STM32F4xx_HAL_Driver\Src\stm32f4xx_hal_uart.c 0x00000000   Number         0  stm32f4xx_hal_uart.o ABSOLUTE
    ..\\Core\\Src\\W25Qxx.c                  0x00000000   Number         0  w25qxx.o ABSOLUTE
    cdcmple.s                                0x00000000   Number         0  cdcmple.o ABSOLUTE
    cdrcmple.s                               0x00000000   Number         0  cdrcmple.o ABSOLUTE
    dc.s                                     0x00000000   Number         0  dc.o ABSOLUTE
    handlers.s                               0x00000000   Number         0  handlers.o ABSOLUTE
    init.s                                   0x00000000   Number         0  init.o ABSOLUTE
    startup_stm32f401xc.s                    0x00000000   Number         0  startup_stm32f401xc.o ABSOLUTE
    RESET                                    0x08000000   Section      404  startup_stm32f401xc.o(RESET)
    .ARM.Collect$$$$00000000                 0x08000194   Section        0  entry.o(.ARM.Collect$$$$00000000)
    .ARM.Collect$$$$00000001                 0x08000194   Section        4  entry2.o(.ARM.Collect$$$$00000001)
    .ARM.Collect$$$$00000004                 0x08000198   Section        4  entry5.o(.ARM.Collect$$$$00000004)
    .ARM.Collect$$$$00000008                 0x0800019c   Section        0  entry7b.o(.ARM.Collect$$$$00000008)
    .ARM.Collect$$$$0000000A                 0x0800019c   Section        0  entry8b.o(.ARM.Collect$$$$0000000A)
    .ARM.Collect$$$$0000000B                 0x0800019c   Section        8  entry9a.o(.ARM.Collect$$$$0000000B)
    .ARM.Collect$$$$0000000D                 0x080001a4   Section        0  entry10a.o(.ARM.Collect$$$$0000000D)
    .ARM.Collect$$$$0000000F                 0x080001a4   Section        0  entry11a.o(.ARM.Collect$$$$0000000F)
    .ARM.Collect$$$$00002712                 0x080001a4   Section        4  entry2.o(.ARM.Collect$$$$00002712)
    __lit__00000000                          0x080001a4   Data           4  entry2.o(.ARM.Collect$$$$00002712)
    .text                                    0x080001a8   Section       36  startup_stm32f401xc.o(.text)
    $v0                                      0x080001a8   Number         0  startup_stm32f401xc.o(.text)
    .text                                    0x080001cc   Section        0  uldiv.o(.text)
    .text                                    0x0800022e   Section        0  tolower.o(.text)
    .text                                    0x0800023a   Section        0  memcpya.o(.text)
    .text                                    0x0800025e   Section        0  memseta.o(.text)
    .text                                    0x08000282   Section        0  strlen.o(.text)
    .text                                    0x08000290   Section        0  strcmp.o(.text)
    .text                                    0x080002ac   Section        0  strncmp.o(.text)
    .text                                    0x080002cc   Section        0  scanf_fp.o(.text)
    _fp_value                                0x080002cd   Thumb Code   256  scanf_fp.o(.text)
    .text                                    0x08000604   Section        0  dadd.o(.text)
    .text                                    0x08000752   Section        0  dmul.o(.text)
    .text                                    0x08000836   Section        0  dfixi.o(.text)
    .text                                    0x08000874   Section        0  f2d.o(.text)
    .text                                    0x0800089c   Section       48  cdcmple.o(.text)
    .text                                    0x080008cc   Section       48  cdrcmple.o(.text)
    .text                                    0x080008fc   Section        0  uidiv.o(.text)
    .text                                    0x08000928   Section        0  llshl.o(.text)
    .text                                    0x08000946   Section        0  llushr.o(.text)
    .text                                    0x08000966   Section        0  llsshr.o(.text)
    .text                                    0x0800098a   Section        0  _sgetc.o(.text)
    .text                                    0x080009cc   Section        0  strtod.o(.text)
    _local_sscanf                            0x080009cd   Thumb Code    54  strtod.o(.text)
    .text                                    0x08000a68   Section        0  depilogue.o(.text)
    .text                                    0x08000a68   Section        0  iusefp.o(.text)
    .text                                    0x08000b22   Section        0  ddiv.o(.text)
    .text                                    0x08000c00   Section        0  dfltul.o(.text)
    .text                                    0x08000c18   Section        0  dfixul.o(.text)
    .text                                    0x08000c48   Section        0  d2f.o(.text)
    .text                                    0x08000c80   Section       36  init.o(.text)
    .text                                    0x08000ca4   Section        0  isspace_c.o(.text)
    .text                                    0x08000cae   Section        0  fepilogue.o(.text)
    .text                                    0x08000d1c   Section        0  ctype_c.o(.text)
    i.Array_sort                             0x08000d44   Section        0  main.o(i.Array_sort)
    i.BF                                     0x08000d88   Section        0  main.o(i.BF)
    i.BusFault_Handler                       0x08000dd8   Section        0  stm32f4xx_it.o(i.BusFault_Handler)
    i.DMA2_Stream2_IRQHandler                0x08000ddc   Section        0  stm32f4xx_it.o(i.DMA2_Stream2_IRQHandler)
    i.DMA_CalcBaseAndBitshift                0x08000de8   Section        0  stm32f4xx_hal_dma.o(i.DMA_CalcBaseAndBitshift)
    DMA_CalcBaseAndBitshift                  0x08000de9   Thumb Code    34  stm32f4xx_hal_dma.o(i.DMA_CalcBaseAndBitshift)
    i.DMA_CheckFifoParam                     0x08000e10   Section        0  stm32f4xx_hal_dma.o(i.DMA_CheckFifoParam)
    DMA_CheckFifoParam                       0x08000e11   Thumb Code    84  stm32f4xx_hal_dma.o(i.DMA_CheckFifoParam)
    i.DMA_SetConfig                          0x08000e64   Section        0  stm32f4xx_hal_dma.o(i.DMA_SetConfig)
    DMA_SetConfig                            0x08000e65   Thumb Code    40  stm32f4xx_hal_dma.o(i.DMA_SetConfig)
    i.DebugMon_Handler                       0x08000e8c   Section        0  stm32f4xx_it.o(i.DebugMon_Handler)
    i.E18_Init                               0x08000e90   Section        0  main.o(i.E18_Init)
    i.Error_Handler                          0x08000f2c   Section        0  main.o(i.Error_Handler)
    i.Get_ADC                                0x08000f30   Section        0  main.o(i.Get_ADC)
    i.Get_ADDR                               0x08000fd4   Section        0  main.o(i.Get_ADDR)
    i.Get_ALL_ADDR                           0x080010b0   Section        0  main.o(i.Get_ALL_ADDR)
    i.HAL_DMA_Abort                          0x08001174   Section        0  stm32f4xx_hal_dma.o(i.HAL_DMA_Abort)
    i.HAL_DMA_Abort_IT                       0x08001206   Section        0  stm32f4xx_hal_dma.o(i.HAL_DMA_Abort_IT)
    i.HAL_DMA_IRQHandler                     0x0800122c   Section        0  stm32f4xx_hal_dma.o(i.HAL_DMA_IRQHandler)
    i.HAL_DMA_Init                           0x080013cc   Section        0  stm32f4xx_hal_dma.o(i.HAL_DMA_Init)
    i.HAL_DMA_Start_IT                       0x080014a0   Section        0  stm32f4xx_hal_dma.o(i.HAL_DMA_Start_IT)
    i.HAL_Delay                              0x08001510   Section        0  stm32f4xx_hal.o(i.HAL_Delay)
    i.HAL_GPIO_Init                          0x08001534   Section        0  stm32f4xx_hal_gpio.o(i.HAL_GPIO_Init)
    i.HAL_GPIO_WritePin                      0x08001714   Section        0  stm32f4xx_hal_gpio.o(i.HAL_GPIO_WritePin)
    i.HAL_GetTick                            0x08001720   Section        0  stm32f4xx_hal.o(i.HAL_GetTick)
    i.HAL_IWDG_Init                          0x0800172c   Section        0  stm32f4xx_hal_iwdg.o(i.HAL_IWDG_Init)
    i.HAL_IWDG_Refresh                       0x08001786   Section        0  stm32f4xx_hal_iwdg.o(i.HAL_IWDG_Refresh)
    i.HAL_IncTick                            0x08001794   Section        0  stm32f4xx_hal.o(i.HAL_IncTick)
    i.HAL_Init                               0x080017a4   Section        0  stm32f4xx_hal.o(i.HAL_Init)
    i.HAL_InitTick                           0x080017d8   Section        0  stm32f4xx_hal.o(i.HAL_InitTick)
    i.HAL_MspInit                            0x08001818   Section        0  stm32f4xx_hal_msp.o(i.HAL_MspInit)
    i.HAL_NVIC_EnableIRQ                     0x08001848   Section        0  stm32f4xx_hal_cortex.o(i.HAL_NVIC_EnableIRQ)
    i.HAL_NVIC_SetPriority                   0x08001864   Section        0  stm32f4xx_hal_cortex.o(i.HAL_NVIC_SetPriority)
    i.HAL_NVIC_SetPriorityGrouping           0x080018a4   Section        0  stm32f4xx_hal_cortex.o(i.HAL_NVIC_SetPriorityGrouping)
    i.HAL_RCC_ClockConfig                    0x080018c8   Section        0  stm32f4xx_hal_rcc.o(i.HAL_RCC_ClockConfig)
    i.HAL_RCC_GetPCLK1Freq                   0x080019fc   Section        0  stm32f4xx_hal_rcc.o(i.HAL_RCC_GetPCLK1Freq)
    i.HAL_RCC_GetPCLK2Freq                   0x08001a1c   Section        0  stm32f4xx_hal_rcc.o(i.HAL_RCC_GetPCLK2Freq)
    i.HAL_RCC_GetSysClockFreq                0x08001a3c   Section        0  stm32f4xx_hal_rcc.o(i.HAL_RCC_GetSysClockFreq)
    i.HAL_RCC_OscConfig                      0x08001aa0   Section        0  stm32f4xx_hal_rcc.o(i.HAL_RCC_OscConfig)
    i.HAL_SPI_Init                           0x08001e0c   Section        0  stm32f4xx_hal_spi.o(i.HAL_SPI_Init)
    i.HAL_SPI_MspInit                        0x08001ec8   Section        0  stm32f4xx_hal_msp.o(i.HAL_SPI_MspInit)
    i.HAL_SPI_TransmitReceive                0x08001f54   Section        0  stm32f4xx_hal_spi.o(i.HAL_SPI_TransmitReceive)
    i.HAL_SYSTICK_Config                     0x08002136   Section        0  stm32f4xx_hal_cortex.o(i.HAL_SYSTICK_Config)
    i.HAL_TIMEx_BreakCallback                0x0800215e   Section        0  stm32f4xx_hal_tim_ex.o(i.HAL_TIMEx_BreakCallback)
    i.HAL_TIMEx_CommutCallback               0x08002160   Section        0  stm32f4xx_hal_tim_ex.o(i.HAL_TIMEx_CommutCallback)
    i.HAL_TIMEx_MasterConfigSynchronization  0x08002164   Section        0  stm32f4xx_hal_tim_ex.o(i.HAL_TIMEx_MasterConfigSynchronization)
    i.HAL_TIM_Base_Init                      0x080021e0   Section        0  stm32f4xx_hal_tim.o(i.HAL_TIM_Base_Init)
    i.HAL_TIM_Base_MspInit                   0x0800223c   Section        0  stm32f4xx_hal_msp.o(i.HAL_TIM_Base_MspInit)
    i.HAL_TIM_Base_Start_IT                  0x08002274   Section        0  stm32f4xx_hal_tim.o(i.HAL_TIM_Base_Start_IT)
    i.HAL_TIM_ConfigClockSource              0x080022e0   Section        0  stm32f4xx_hal_tim.o(i.HAL_TIM_ConfigClockSource)
    i.HAL_TIM_IC_CaptureCallback             0x080023bc   Section        0  stm32f4xx_hal_tim.o(i.HAL_TIM_IC_CaptureCallback)
    i.HAL_TIM_IRQHandler                     0x080023be   Section        0  stm32f4xx_hal_tim.o(i.HAL_TIM_IRQHandler)
    i.HAL_TIM_OC_DelayElapsedCallback        0x08002524   Section        0  stm32f4xx_hal_tim.o(i.HAL_TIM_OC_DelayElapsedCallback)
    i.HAL_TIM_PWM_PulseFinishedCallback      0x08002526   Section        0  stm32f4xx_hal_tim.o(i.HAL_TIM_PWM_PulseFinishedCallback)
    i.HAL_TIM_PeriodElapsedCallback          0x08002528   Section        0  main.o(i.HAL_TIM_PeriodElapsedCallback)
    i.HAL_TIM_TriggerCallback                0x0800256c   Section        0  stm32f4xx_hal_tim.o(i.HAL_TIM_TriggerCallback)
    i.HAL_UARTEx_RxEventCallback             0x0800256e   Section        0  stm32f4xx_hal_uart.o(i.HAL_UARTEx_RxEventCallback)
    i.HAL_UART_DMAStop                       0x08002570   Section        0  stm32f4xx_hal_uart.o(i.HAL_UART_DMAStop)
    i.HAL_UART_ErrorCallback                 0x080025e0   Section        0  stm32f4xx_hal_uart.o(i.HAL_UART_ErrorCallback)
    i.HAL_UART_GetState                      0x080025e2   Section        0  stm32f4xx_hal_uart.o(i.HAL_UART_GetState)
    i.HAL_UART_IRQHandler                    0x080025ec   Section        0  stm32f4xx_hal_uart.o(i.HAL_UART_IRQHandler)
    i.HAL_UART_Init                          0x08002854   Section        0  stm32f4xx_hal_uart.o(i.HAL_UART_Init)
    i.HAL_UART_MspInit                       0x080028b8   Section        0  stm32f4xx_hal_msp.o(i.HAL_UART_MspInit)
    i.HAL_UART_Receive                       0x08002a54   Section        0  stm32f4xx_hal_uart.o(i.HAL_UART_Receive)
    i.HAL_UART_Receive_DMA                   0x08002b14   Section        0  stm32f4xx_hal_uart.o(i.HAL_UART_Receive_DMA)
    i.HAL_UART_RxCpltCallback                0x08002b3e   Section        0  stm32f4xx_hal_uart.o(i.HAL_UART_RxCpltCallback)
    i.HAL_UART_RxHalfCpltCallback            0x08002b40   Section        0  stm32f4xx_hal_uart.o(i.HAL_UART_RxHalfCpltCallback)
    i.HAL_UART_Transmit                      0x08002b44   Section        0  stm32f4xx_hal_uart.o(i.HAL_UART_Transmit)
    i.HAL_UART_TxCpltCallback                0x08002bf6   Section        0  stm32f4xx_hal_uart.o(i.HAL_UART_TxCpltCallback)
    i.HardFault_Handler                      0x08002bf8   Section        0  stm32f4xx_it.o(i.HardFault_Handler)
    i.MX_GPIO_Init                           0x08002bfc   Section        0  main.o(i.MX_GPIO_Init)
    MX_GPIO_Init                             0x08002bfd   Thumb Code   184  main.o(i.MX_GPIO_Init)
    i.MX_SPI1_Init                           0x08002cc4   Section        0  main.o(i.MX_SPI1_Init)
    MX_SPI1_Init                             0x08002cc5   Thumb Code    60  main.o(i.MX_SPI1_Init)
    i.MX_TIM2_Init                           0x08002d08   Section        0  main.o(i.MX_TIM2_Init)
    MX_TIM2_Init                             0x08002d09   Thumb Code   100  main.o(i.MX_TIM2_Init)
    i.MY_UART1_RxCpltCallback                0x08002d70   Section        0  main.o(i.MY_UART1_RxCpltCallback)
    i.MemManage_Handler                      0x080030ec   Section        0  stm32f4xx_it.o(i.MemManage_Handler)
    i.Moisture_Get_and_Upload                0x080030f0   Section        0  main.o(i.Moisture_Get_and_Upload)
    i.NBIoT_Init                             0x080035d8   Section        0  main.o(i.NBIoT_Init)
    i.NMI_Handler                            0x08003bbc   Section        0  stm32f4xx_it.o(i.NMI_Handler)
    i.Params_Init                            0x08003bc0   Section        0  main.o(i.Params_Init)
    i.PendSV_Handler                         0x08003c78   Section        0  stm32f4xx_it.o(i.PendSV_Handler)
    i.Pump_operate                           0x08003c7c   Section        0  main.o(i.Pump_operate)
    i.Read_ADDR                              0x08003cc8   Section        0  main.o(i.Read_ADDR)
    i.Read_SV_state                          0x08003cf8   Section        0  main.o(i.Read_SV_state)
    i.Record_Mac_cnt                         0x08003d28   Section        0  main.o(i.Record_Mac_cnt)
    i.Record_Params                          0x08003d58   Section        0  main.o(i.Record_Params)
    i.Record_SV_state                        0x08003dd4   Section        0  main.o(i.Record_SV_state)
    i.SPI_EndRxTxTransaction                 0x08003e0c   Section        0  stm32f4xx_hal_spi.o(i.SPI_EndRxTxTransaction)
    SPI_EndRxTxTransaction                   0x08003e0d   Thumb Code    80  stm32f4xx_hal_spi.o(i.SPI_EndRxTxTransaction)
    i.SPI_WaitFlagStateUntilTimeout          0x08003e64   Section        0  stm32f4xx_hal_spi.o(i.SPI_WaitFlagStateUntilTimeout)
    SPI_WaitFlagStateUntilTimeout            0x08003e65   Thumb Code   180  stm32f4xx_hal_spi.o(i.SPI_WaitFlagStateUntilTimeout)
    i.SVC_Handler                            0x08003f1c   Section        0  stm32f4xx_it.o(i.SVC_Handler)
    i.SV_operate                             0x08003f20   Section        0  main.o(i.SV_operate)
    i.SysTick_Handler                        0x08003fe8   Section        0  stm32f4xx_it.o(i.SysTick_Handler)
    i.SystemClock_Config                     0x08003fec   Section        0  main.o(i.SystemClock_Config)
    i.SystemInit                             0x08004088   Section        0  system_stm32f4xx.o(i.SystemInit)
    i.TIM2_IRQHandler                        0x08004098   Section        0  stm32f4xx_it.o(i.TIM2_IRQHandler)
    i.TIM_Base_SetConfig                     0x080040a4   Section        0  stm32f4xx_hal_tim.o(i.TIM_Base_SetConfig)
    i.TIM_ETR_SetConfig                      0x0800413c   Section        0  stm32f4xx_hal_tim.o(i.TIM_ETR_SetConfig)
    i.TIM_ITRx_SetConfig                     0x08004150   Section        0  stm32f4xx_hal_tim.o(i.TIM_ITRx_SetConfig)
    TIM_ITRx_SetConfig                       0x08004151   Thumb Code    16  stm32f4xx_hal_tim.o(i.TIM_ITRx_SetConfig)
    i.TIM_TI1_ConfigInputStage               0x08004160   Section        0  stm32f4xx_hal_tim.o(i.TIM_TI1_ConfigInputStage)
    TIM_TI1_ConfigInputStage                 0x08004161   Thumb Code    34  stm32f4xx_hal_tim.o(i.TIM_TI1_ConfigInputStage)
    i.TIM_TI2_ConfigInputStage               0x08004182   Section        0  stm32f4xx_hal_tim.o(i.TIM_TI2_ConfigInputStage)
    TIM_TI2_ConfigInputStage                 0x08004183   Thumb Code    36  stm32f4xx_hal_tim.o(i.TIM_TI2_ConfigInputStage)
    i.UART_DMAAbortOnError                   0x080041a6   Section        0  stm32f4xx_hal_uart.o(i.UART_DMAAbortOnError)
    UART_DMAAbortOnError                     0x080041a7   Thumb Code    16  stm32f4xx_hal_uart.o(i.UART_DMAAbortOnError)
    i.UART_DMAError                          0x080041b6   Section        0  stm32f4xx_hal_uart.o(i.UART_DMAError)
    UART_DMAError                            0x080041b7   Thumb Code    74  stm32f4xx_hal_uart.o(i.UART_DMAError)
    i.UART_DMAReceiveCplt                    0x08004200   Section        0  stm32f4xx_hal_uart.o(i.UART_DMAReceiveCplt)
    UART_DMAReceiveCplt                      0x08004201   Thumb Code   130  stm32f4xx_hal_uart.o(i.UART_DMAReceiveCplt)
    i.UART_DMARxHalfCplt                     0x08004282   Section        0  stm32f4xx_hal_uart.o(i.UART_DMARxHalfCplt)
    UART_DMARxHalfCplt                       0x08004283   Thumb Code    26  stm32f4xx_hal_uart.o(i.UART_DMARxHalfCplt)
    i.UART_EndRxTransfer                     0x0800429c   Section        0  stm32f4xx_hal_uart.o(i.UART_EndRxTransfer)
    UART_EndRxTransfer                       0x0800429d   Thumb Code    78  stm32f4xx_hal_uart.o(i.UART_EndRxTransfer)
    i.UART_EndTxTransfer                     0x080042ea   Section        0  stm32f4xx_hal_uart.o(i.UART_EndTxTransfer)
    UART_EndTxTransfer                       0x080042eb   Thumb Code    28  stm32f4xx_hal_uart.o(i.UART_EndTxTransfer)
    i.UART_Receive_IT                        0x08004306   Section        0  stm32f4xx_hal_uart.o(i.UART_Receive_IT)
    UART_Receive_IT                          0x08004307   Thumb Code   192  stm32f4xx_hal_uart.o(i.UART_Receive_IT)
    i.UART_SetConfig                         0x080043c8   Section        0  stm32f4xx_hal_uart.o(i.UART_SetConfig)
    UART_SetConfig                           0x080043c9   Thumb Code   258  stm32f4xx_hal_uart.o(i.UART_SetConfig)
    i.UART_Start_Receive_DMA                 0x080044d4   Section        0  stm32f4xx_hal_uart.o(i.UART_Start_Receive_DMA)
    i.UART_WaitOnFlagUntilTimeout            0x08004564   Section        0  stm32f4xx_hal_uart.o(i.UART_WaitOnFlagUntilTimeout)
    UART_WaitOnFlagUntilTimeout              0x08004565   Thumb Code   120  stm32f4xx_hal_uart.o(i.UART_WaitOnFlagUntilTimeout)
    i.USART1_IRQHandler                      0x080045dc   Section        0  stm32f4xx_it.o(i.USART1_IRQHandler)
    i.USART2_IRQHandler                      0x0800465c   Section        0  stm32f4xx_it.o(i.USART2_IRQHandler)
    i.USART6_IRQHandler                      0x08004668   Section        0  stm32f4xx_it.o(i.USART6_IRQHandler)
    i.UsageFault_Handler                     0x08004674   Section        0  stm32f4xx_it.o(i.UsageFault_Handler)
    i.W25Q32_Init                            0x08004678   Section        0  main.o(i.W25Q32_Init)
    i.W25QXX_Erase_Sector                    0x080046c8   Section        0  w25qxx.o(i.W25QXX_Erase_Sector)
    i.W25QXX_Init                            0x08004714   Section        0  w25qxx.o(i.W25QXX_Init)
    i.W25QXX_Read                            0x08004760   Section        0  w25qxx.o(i.W25QXX_Read)
    i.W25QXX_ReadCapacity                    0x080047b8   Section        0  w25qxx.o(i.W25QXX_ReadCapacity)
    i.W25QXX_ReadID                          0x08004810   Section        0  w25qxx.o(i.W25QXX_ReadID)
    i.W25QXX_ReadSR                          0x0800485c   Section        0  w25qxx.o(i.W25QXX_ReadSR)
    i.W25QXX_ReadUniqueID                    0x0800488c   Section        0  w25qxx.o(i.W25QXX_ReadUniqueID)
    i.W25QXX_SPI_ReadWriteByte               0x080048dc   Section        0  w25qxx.o(i.W25QXX_SPI_ReadWriteByte)
    W25QXX_SPI_ReadWriteByte                 0x080048dd   Thumb Code    40  w25qxx.o(i.W25QXX_SPI_ReadWriteByte)
    i.W25QXX_Wait_Busy                       0x08004908   Section        0  w25qxx.o(i.W25QXX_Wait_Busy)
    i.W25QXX_Write                           0x08004918   Section        0  w25qxx.o(i.W25QXX_Write)
    i.W25QXX_Write_Disable                   0x080049b4   Section        0  w25qxx.o(i.W25QXX_Write_Disable)
    i.W25QXX_Write_Enable                    0x080049dc   Section        0  w25qxx.o(i.W25QXX_Write_Enable)
    i.W25QXX_Write_NoCheck                   0x08004a04   Section        0  w25qxx.o(i.W25QXX_Write_NoCheck)
    i.W25QXX_Write_Page                      0x08004a44   Section        0  w25qxx.o(i.W25QXX_Write_Page)
    i.Write_ADDR                             0x08004aa4   Section        0  main.o(i.Write_ADDR)
    i.__0printf                              0x08004ac8   Section        0  printfa.o(i.__0printf)
    i.__0sprintf                             0x08004ae8   Section        0  printfa.o(i.__0sprintf)
    i.__NVIC_SetPriority                     0x08004b10   Section        0  stm32f4xx_hal_cortex.o(i.__NVIC_SetPriority)
    __NVIC_SetPriority                       0x08004b11   Thumb Code    32  stm32f4xx_hal_cortex.o(i.__NVIC_SetPriority)
    i.__free$realloc                         0x08004b30   Section        0  mallocr.o(i.__free$realloc)
    i.__hardfp_strtod                        0x08004b90   Section        0  strtod.o(i.__hardfp_strtod)
    i.__malloc$realloc                       0x08004bb8   Section        0  mallocr.o(i.__malloc$realloc)
    i.__scatterload_copy                     0x08004c08   Section       14  handlers.o(i.__scatterload_copy)
    i.__scatterload_null                     0x08004c16   Section        2  handlers.o(i.__scatterload_null)
    i.__scatterload_zeroinit                 0x08004c18   Section       14  handlers.o(i.__scatterload_zeroinit)
    i._fp_digits                             0x08004c28   Section        0  printfa.o(i._fp_digits)
    _fp_digits                               0x08004c29   Thumb Code   366  printfa.o(i._fp_digits)
    i._is_digit                              0x08004dac   Section        0  scanf_fp.o(i._is_digit)
    i._printf_core                           0x08004dbc   Section        0  printfa.o(i._printf_core)
    _printf_core                             0x08004dbd   Thumb Code  1744  printfa.o(i._printf_core)
    i._printf_post_padding                   0x08005498   Section        0  printfa.o(i._printf_post_padding)
    _printf_post_padding                     0x08005499   Thumb Code    36  printfa.o(i._printf_post_padding)
    i._printf_pre_padding                    0x080054bc   Section        0  printfa.o(i._printf_pre_padding)
    _printf_pre_padding                      0x080054bd   Thumb Code    46  printfa.o(i._printf_pre_padding)
    i._sputc                                 0x080054ea   Section        0  printfa.o(i._sputc)
    _sputc                                   0x080054eb   Thumb Code    10  printfa.o(i._sputc)
    i.buffer_skip_whitespace                 0x080054f4   Section        0  cjson.o(i.buffer_skip_whitespace)
    buffer_skip_whitespace                   0x080054f5   Thumb Code    48  cjson.o(i.buffer_skip_whitespace)
    i.cJSON_Delete                           0x08005524   Section        0  cjson.o(i.cJSON_Delete)
    i.cJSON_GetObjectItem                    0x0800556c   Section        0  cjson.o(i.cJSON_GetObjectItem)
    i.cJSON_New_Item                         0x08005572   Section        0  cjson.o(i.cJSON_New_Item)
    cJSON_New_Item                           0x08005573   Thumb Code    22  cjson.o(i.cJSON_New_Item)
    i.cJSON_Parse                            0x08005588   Section        0  cjson.o(i.cJSON_Parse)
    i.cJSON_ParseWithLengthOpts              0x08005590   Section        0  cjson.o(i.cJSON_ParseWithLengthOpts)
    i.cJSON_ParseWithOpts                    0x0800566c   Section        0  cjson.o(i.cJSON_ParseWithOpts)
    i.fputc                                  0x08005690   Section        0  main.o(i.fputc)
    i.get_object_item                        0x080056a8   Section        0  cjson.o(i.get_object_item)
    get_object_item                          0x080056a9   Thumb Code   122  cjson.o(i.get_object_item)
    i.internal_alloc                         0x08005724   Section        0  mallocr.o(i.internal_alloc)
    internal_alloc                           0x08005725   Thumb Code    76  mallocr.o(i.internal_alloc)
    i.main                                   0x08005774   Section        0  main.o(i.main)
    i.parse_array                            0x080058e0   Section        0  cjson.o(i.parse_array)
    parse_array                              0x080058e1   Thumb Code   208  cjson.o(i.parse_array)
    i.parse_hex4                             0x080059b0   Section        0  cjson.o(i.parse_hex4)
    parse_hex4                               0x080059b1   Thumb Code    64  cjson.o(i.parse_hex4)
    i.parse_number                           0x080059f0   Section        0  cjson.o(i.parse_number)
    parse_number                             0x080059f1   Thumb Code   240  cjson.o(i.parse_number)
    i.parse_object                           0x08005af0   Section        0  cjson.o(i.parse_object)
    parse_object                             0x08005af1   Thumb Code   266  cjson.o(i.parse_object)
    i.parse_string                           0x08005bfa   Section        0  cjson.o(i.parse_string)
    parse_string                             0x08005bfb   Thumb Code   268  cjson.o(i.parse_string)
    i.parse_value                            0x08005d08   Section        0  cjson.o(i.parse_value)
    parse_value                              0x08005d09   Thumb Code   226  cjson.o(i.parse_value)
    i.realloc                                0x08005e04   Section        0  mallocr.o(i.realloc)
    i.utf16_literal_to_utf8                  0x08005e70   Section        0  cjson.o(i.utf16_literal_to_utf8)
    utf16_literal_to_utf8                    0x08005e71   Thumb Code   210  cjson.o(i.utf16_literal_to_utf8)
    .constdata                               0x08005f44   Section     2048  main.o(.constdata)
    .constdata                               0x08006744   Section        8  stm32f4xx_hal_dma.o(.constdata)
    flagBitshiftOffset                       0x08006744   Data           8  stm32f4xx_hal_dma.o(.constdata)
    .constdata                               0x0800674c   Section       16  system_stm32f4xx.o(.constdata)
    .constdata                               0x0800675c   Section        8  system_stm32f4xx.o(.constdata)
    .constdata                               0x08006764   Section       64  ctype_c.o(.constdata)
    .conststring                             0x080067a4   Section     1348  main.o(.conststring)
    .data                                    0x20000000   Section       20  cjson.o(.data)
    global_error                             0x20000000   Data           8  cjson.o(.data)
    global_hooks                             0x20000008   Data          12  cjson.o(.data)
    .data                                    0x20000014   Section       16  w25qxx.o(.data)
    .data                                    0x20000024   Section       23  main.o(.data)
    .data                                    0x2000003c   Section       12  stm32f4xx_hal.o(.data)
    .data                                    0x20000048   Section        4  system_stm32f4xx.o(.data)
    .data                                    0x2000004c   Section        4  stdout.o(.data)
    .data                                    0x20000050   Section        4  mvars.o(.data)
    .data                                    0x20000054   Section        4  mvars.o(.data)
    .bss                                     0x20000058   Section     4096  w25qxx.o(.bss)
    .bss                                     0x20001058   Section     1428  main.o(.bss)
    .bss                                     0x200015ec   Section       96  main.o(.bss)
    HEAP                                     0x20001650   Section     4096  startup_stm32f401xc.o(HEAP)
    STACK                                    0x20002650   Section     8192  startup_stm32f401xc.o(STACK)

    Global Symbols

    Symbol Name                              Value     Ov Type        Size  Object(Section)

    BuildAttributes$$THM_ISAv4$E$P$D$K$B$S$7EM$VFPi3$EXTD16$VFPS$VFMA$PE$A:L22UL41UL21$X:L11$S22US41US21$IEEE1$IW$USESV6$~STKCKD$USESV7$~SHL$OTIME$ROPI$IEEEJ$EBA8$MICROLIB$REQ8$PRES8$EABIv2 0x00000000   Number         0  anon$$obj.o ABSOLUTE
    __ARM_use_no_argv                        0x00000000   Number         0  main.o ABSOLUTE
    _printf_a                                0x00000000   Number         0  stubs.o ABSOLUTE
    _printf_c                                0x00000000   Number         0  stubs.o ABSOLUTE
    _printf_charcount                        0x00000000   Number         0  stubs.o ABSOLUTE
    _printf_d                                0x00000000   Number         0  stubs.o ABSOLUTE
    _printf_e                                0x00000000   Number         0  stubs.o ABSOLUTE
    _printf_f                                0x00000000   Number         0  stubs.o ABSOLUTE
    _printf_flags                            0x00000000   Number         0  stubs.o ABSOLUTE
    _printf_fp_dec                           0x00000000   Number         0  stubs.o ABSOLUTE
    _printf_fp_hex                           0x00000000   Number         0  stubs.o ABSOLUTE
    _printf_g                                0x00000000   Number         0  stubs.o ABSOLUTE
    _printf_i                                0x00000000   Number         0  stubs.o ABSOLUTE
    _printf_int_dec                          0x00000000   Number         0  stubs.o ABSOLUTE
    _printf_l                                0x00000000   Number         0  stubs.o ABSOLUTE
    _printf_lc                               0x00000000   Number         0  stubs.o ABSOLUTE
    _printf_ll                               0x00000000   Number         0  stubs.o ABSOLUTE
    _printf_lld                              0x00000000   Number         0  stubs.o ABSOLUTE
    _printf_lli                              0x00000000   Number         0  stubs.o ABSOLUTE
    _printf_llo                              0x00000000   Number         0  stubs.o ABSOLUTE
    _printf_llu                              0x00000000   Number         0  stubs.o ABSOLUTE
    _printf_llx                              0x00000000   Number         0  stubs.o ABSOLUTE
    _printf_longlong_dec                     0x00000000   Number         0  stubs.o ABSOLUTE
    _printf_longlong_hex                     0x00000000   Number         0  stubs.o ABSOLUTE
    _printf_longlong_oct                     0x00000000   Number         0  stubs.o ABSOLUTE
    _printf_ls                               0x00000000   Number         0  stubs.o ABSOLUTE
    _printf_mbtowc                           0x00000000   Number         0  stubs.o ABSOLUTE
    _printf_n                                0x00000000   Number         0  stubs.o ABSOLUTE
    _printf_o                                0x00000000   Number         0  stubs.o ABSOLUTE
    _printf_p                                0x00000000   Number         0  stubs.o ABSOLUTE
    _printf_percent                          0x00000000   Number         0  stubs.o ABSOLUTE
    _printf_pre_padding                      0x00000000   Number         0  stubs.o ABSOLUTE
    _printf_return_value                     0x00000000   Number         0  stubs.o ABSOLUTE
    _printf_s                                0x00000000   Number         0  stubs.o ABSOLUTE
    _printf_sizespec                         0x00000000   Number         0  stubs.o ABSOLUTE
    _printf_str                              0x00000000   Number         0  stubs.o ABSOLUTE
    _printf_truncate_signed                  0x00000000   Number         0  stubs.o ABSOLUTE
    _printf_truncate_unsigned                0x00000000   Number         0  stubs.o ABSOLUTE
    _printf_u                                0x00000000   Number         0  stubs.o ABSOLUTE
    _printf_wc                               0x00000000   Number         0  stubs.o ABSOLUTE
    _printf_wctomb                           0x00000000   Number         0  stubs.o ABSOLUTE
    _printf_widthprec                        0x00000000   Number         0  stubs.o ABSOLUTE
    _printf_x                                0x00000000   Number         0  stubs.o ABSOLUTE
    __cpp_initialize__aeabi_                  - Undefined Weak Reference
    __cxa_finalize                            - Undefined Weak Reference
    __decompress                              - Undefined Weak Reference
    _clock_init                               - Undefined Weak Reference
    _microlib_exit                            - Undefined Weak Reference
    _scanf_int                                - Undefined Weak Reference
    _scanf_longlong                           - Undefined Weak Reference
    _scanf_string                             - Undefined Weak Reference
    __Vectors_Size                           0x00000194   Number         0  startup_stm32f401xc.o ABSOLUTE
    __Vectors                                0x08000000   Data           4  startup_stm32f401xc.o(RESET)
    __Vectors_End                            0x08000194   Data           0  startup_stm32f401xc.o(RESET)
    __main                                   0x08000195   Thumb Code     0  entry.o(.ARM.Collect$$$$00000000)
    _main_stk                                0x08000195   Thumb Code     0  entry2.o(.ARM.Collect$$$$00000001)
    _main_scatterload                        0x08000199   Thumb Code     0  entry5.o(.ARM.Collect$$$$00000004)
    __main_after_scatterload                 0x0800019d   Thumb Code     0  entry5.o(.ARM.Collect$$$$00000004)
    _main_clock                              0x0800019d   Thumb Code     0  entry7b.o(.ARM.Collect$$$$00000008)
    _main_cpp_init                           0x0800019d   Thumb Code     0  entry8b.o(.ARM.Collect$$$$0000000A)
    _main_init                               0x0800019d   Thumb Code     0  entry9a.o(.ARM.Collect$$$$0000000B)
    __rt_final_cpp                           0x080001a5   Thumb Code     0  entry10a.o(.ARM.Collect$$$$0000000D)
    __rt_final_exit                          0x080001a5   Thumb Code     0  entry11a.o(.ARM.Collect$$$$0000000F)
    Reset_Handler                            0x080001a9   Thumb Code     8  startup_stm32f401xc.o(.text)
    ADC_IRQHandler                           0x080001c3   Thumb Code     0  startup_stm32f401xc.o(.text)
    DMA1_Stream0_IRQHandler                  0x080001c3   Thumb Code     0  startup_stm32f401xc.o(.text)
    DMA1_Stream1_IRQHandler                  0x080001c3   Thumb Code     0  startup_stm32f401xc.o(.text)
    DMA1_Stream2_IRQHandler                  0x080001c3   Thumb Code     0  startup_stm32f401xc.o(.text)
    DMA1_Stream3_IRQHandler                  0x080001c3   Thumb Code     0  startup_stm32f401xc.o(.text)
    DMA1_Stream4_IRQHandler                  0x080001c3   Thumb Code     0  startup_stm32f401xc.o(.text)
    DMA1_Stream5_IRQHandler                  0x080001c3   Thumb Code     0  startup_stm32f401xc.o(.text)
    DMA1_Stream6_IRQHandler                  0x080001c3   Thumb Code     0  startup_stm32f401xc.o(.text)
    DMA1_Stream7_IRQHandler                  0x080001c3   Thumb Code     0  startup_stm32f401xc.o(.text)
    DMA2_Stream0_IRQHandler                  0x080001c3   Thumb Code     0  startup_stm32f401xc.o(.text)
    DMA2_Stream1_IRQHandler                  0x080001c3   Thumb Code     0  startup_stm32f401xc.o(.text)
    DMA2_Stream3_IRQHandler                  0x080001c3   Thumb Code     0  startup_stm32f401xc.o(.text)
    DMA2_Stream4_IRQHandler                  0x080001c3   Thumb Code     0  startup_stm32f401xc.o(.text)
    DMA2_Stream5_IRQHandler                  0x080001c3   Thumb Code     0  startup_stm32f401xc.o(.text)
    DMA2_Stream6_IRQHandler                  0x080001c3   Thumb Code     0  startup_stm32f401xc.o(.text)
    DMA2_Stream7_IRQHandler                  0x080001c3   Thumb Code     0  startup_stm32f401xc.o(.text)
    EXTI0_IRQHandler                         0x080001c3   Thumb Code     0  startup_stm32f401xc.o(.text)
    EXTI15_10_IRQHandler                     0x080001c3   Thumb Code     0  startup_stm32f401xc.o(.text)
    EXTI1_IRQHandler                         0x080001c3   Thumb Code     0  startup_stm32f401xc.o(.text)
    EXTI2_IRQHandler                         0x080001c3   Thumb Code     0  startup_stm32f401xc.o(.text)
    EXTI3_IRQHandler                         0x080001c3   Thumb Code     0  startup_stm32f401xc.o(.text)
    EXTI4_IRQHandler                         0x080001c3   Thumb Code     0  startup_stm32f401xc.o(.text)
    EXTI9_5_IRQHandler                       0x080001c3   Thumb Code     0  startup_stm32f401xc.o(.text)
    FLASH_IRQHandler                         0x080001c3   Thumb Code     0  startup_stm32f401xc.o(.text)
    FPU_IRQHandler                           0x080001c3   Thumb Code     0  startup_stm32f401xc.o(.text)
    I2C1_ER_IRQHandler                       0x080001c3   Thumb Code     0  startup_stm32f401xc.o(.text)
    I2C1_EV_IRQHandler                       0x080001c3   Thumb Code     0  startup_stm32f401xc.o(.text)
    I2C2_ER_IRQHandler                       0x080001c3   Thumb Code     0  startup_stm32f401xc.o(.text)
    I2C2_EV_IRQHandler                       0x080001c3   Thumb Code     0  startup_stm32f401xc.o(.text)
    I2C3_ER_IRQHandler                       0x080001c3   Thumb Code     0  startup_stm32f401xc.o(.text)
    I2C3_EV_IRQHandler                       0x080001c3   Thumb Code     0  startup_stm32f401xc.o(.text)
    OTG_FS_IRQHandler                        0x080001c3   Thumb Code     0  startup_stm32f401xc.o(.text)
    OTG_FS_WKUP_IRQHandler                   0x080001c3   Thumb Code     0  startup_stm32f401xc.o(.text)
    PVD_IRQHandler                           0x080001c3   Thumb Code     0  startup_stm32f401xc.o(.text)
    RCC_IRQHandler                           0x080001c3   Thumb Code     0  startup_stm32f401xc.o(.text)
    RTC_Alarm_IRQHandler                     0x080001c3   Thumb Code     0  startup_stm32f401xc.o(.text)
    RTC_WKUP_IRQHandler                      0x080001c3   Thumb Code     0  startup_stm32f401xc.o(.text)
    SDIO_IRQHandler                          0x080001c3   Thumb Code     0  startup_stm32f401xc.o(.text)
    SPI1_IRQHandler                          0x080001c3   Thumb Code     0  startup_stm32f401xc.o(.text)
    SPI2_IRQHandler                          0x080001c3   Thumb Code     0  startup_stm32f401xc.o(.text)
    SPI3_IRQHandler                          0x080001c3   Thumb Code     0  startup_stm32f401xc.o(.text)
    SPI4_IRQHandler                          0x080001c3   Thumb Code     0  startup_stm32f401xc.o(.text)
    TAMP_STAMP_IRQHandler                    0x080001c3   Thumb Code     0  startup_stm32f401xc.o(.text)
    TIM1_BRK_TIM9_IRQHandler                 0x080001c3   Thumb Code     0  startup_stm32f401xc.o(.text)
    TIM1_CC_IRQHandler                       0x080001c3   Thumb Code     0  startup_stm32f401xc.o(.text)
    TIM1_TRG_COM_TIM11_IRQHandler            0x080001c3   Thumb Code     0  startup_stm32f401xc.o(.text)
    TIM1_UP_TIM10_IRQHandler                 0x080001c3   Thumb Code     0  startup_stm32f401xc.o(.text)
    TIM3_IRQHandler                          0x080001c3   Thumb Code     0  startup_stm32f401xc.o(.text)
    TIM4_IRQHandler                          0x080001c3   Thumb Code     0  startup_stm32f401xc.o(.text)
    TIM5_IRQHandler                          0x080001c3   Thumb Code     0  startup_stm32f401xc.o(.text)
    WWDG_IRQHandler                          0x080001c3   Thumb Code     0  startup_stm32f401xc.o(.text)
    __aeabi_uldivmod                         0x080001cd   Thumb Code    98  uldiv.o(.text)
    tolower                                  0x0800022f   Thumb Code    12  tolower.o(.text)
    __aeabi_memcpy                           0x0800023b   Thumb Code    36  memcpya.o(.text)
    __aeabi_memcpy4                          0x0800023b   Thumb Code     0  memcpya.o(.text)
    __aeabi_memcpy8                          0x0800023b   Thumb Code     0  memcpya.o(.text)
    __aeabi_memset                           0x0800025f   Thumb Code    14  memseta.o(.text)
    __aeabi_memset4                          0x0800025f   Thumb Code     0  memseta.o(.text)
    __aeabi_memset8                          0x0800025f   Thumb Code     0  memseta.o(.text)
    __aeabi_memclr                           0x0800026d   Thumb Code     4  memseta.o(.text)
    __aeabi_memclr4                          0x0800026d   Thumb Code     0  memseta.o(.text)
    __aeabi_memclr8                          0x0800026d   Thumb Code     0  memseta.o(.text)
    _memset$wrapper                          0x08000271   Thumb Code    18  memseta.o(.text)
    strlen                                   0x08000283   Thumb Code    14  strlen.o(.text)
    strcmp                                   0x08000291   Thumb Code    28  strcmp.o(.text)
    strncmp                                  0x080002ad   Thumb Code    30  strncmp.o(.text)
    _scanf_real                              0x080003cd   Thumb Code     0  scanf_fp.o(.text)
    _scanf_really_real                       0x080003cd   Thumb Code   556  scanf_fp.o(.text)
    __aeabi_dadd                             0x08000605   Thumb Code   322  dadd.o(.text)
    __aeabi_dsub                             0x08000747   Thumb Code     6  dadd.o(.text)
    __aeabi_drsub                            0x0800074d   Thumb Code     6  dadd.o(.text)
    __aeabi_dmul                             0x08000753   Thumb Code   228  dmul.o(.text)
    __aeabi_d2iz                             0x08000837   Thumb Code    62  dfixi.o(.text)
    __aeabi_f2d                              0x08000875   Thumb Code    38  f2d.o(.text)
    __aeabi_cdcmpeq                          0x0800089d   Thumb Code     0  cdcmple.o(.text)
    __aeabi_cdcmple                          0x0800089d   Thumb Code    48  cdcmple.o(.text)
    __aeabi_cdrcmple                         0x080008cd   Thumb Code    48  cdrcmple.o(.text)
    __aeabi_uidiv                            0x080008fd   Thumb Code     0  uidiv.o(.text)
    __aeabi_uidivmod                         0x080008fd   Thumb Code    44  uidiv.o(.text)
    __aeabi_llsl                             0x08000929   Thumb Code    30  llshl.o(.text)
    _ll_shift_l                              0x08000929   Thumb Code     0  llshl.o(.text)
    __aeabi_llsr                             0x08000947   Thumb Code    32  llushr.o(.text)
    _ll_ushift_r                             0x08000947   Thumb Code     0  llushr.o(.text)
    __aeabi_lasr                             0x08000967   Thumb Code    36  llsshr.o(.text)
    _ll_sshift_r                             0x08000967   Thumb Code     0  llsshr.o(.text)
    _sgetc                                   0x0800098b   Thumb Code    30  _sgetc.o(.text)
    _sbackspace                              0x080009a9   Thumb Code    34  _sgetc.o(.text)
    __strtod_int                             0x08000a03   Thumb Code    90  strtod.o(.text)
    __I$use$fp                               0x08000a69   Thumb Code     0  iusefp.o(.text)
    _double_round                            0x08000a69   Thumb Code    30  depilogue.o(.text)
    _double_epilogue                         0x08000a87   Thumb Code   156  depilogue.o(.text)
    __aeabi_ddiv                             0x08000b23   Thumb Code   222  ddiv.o(.text)
    __aeabi_ul2d                             0x08000c01   Thumb Code    24  dfltul.o(.text)
    __aeabi_d2ulz                            0x08000c19   Thumb Code    48  dfixul.o(.text)
    __aeabi_d2f                              0x08000c49   Thumb Code    56  d2f.o(.text)
    __scatterload                            0x08000c81   Thumb Code    28  init.o(.text)
    __scatterload_rt2                        0x08000c81   Thumb Code     0  init.o(.text)
    isspace                                  0x08000ca5   Thumb Code    10  isspace_c.o(.text)
    _float_round                             0x08000caf   Thumb Code    18  fepilogue.o(.text)
    _float_epilogue                          0x08000cc1   Thumb Code    92  fepilogue.o(.text)
    __ctype_lookup                           0x08000d1d   Thumb Code    34  ctype_c.o(.text)
    Array_sort                               0x08000d45   Thumb Code    62  main.o(i.Array_sort)
    BF                                       0x08000d89   Thumb Code    80  main.o(i.BF)
    BusFault_Handler                         0x08000dd9   Thumb Code     2  stm32f4xx_it.o(i.BusFault_Handler)
    DMA2_Stream2_IRQHandler                  0x08000ddd   Thumb Code     6  stm32f4xx_it.o(i.DMA2_Stream2_IRQHandler)
    DebugMon_Handler                         0x08000e8d   Thumb Code     2  stm32f4xx_it.o(i.DebugMon_Handler)
    E18_Init                                 0x08000e91   Thumb Code   100  main.o(i.E18_Init)
    Error_Handler                            0x08000f2d   Thumb Code     4  main.o(i.Error_Handler)
    Get_ADC                                  0x08000f31   Thumb Code   118  main.o(i.Get_ADC)
    Get_ADDR                                 0x08000fd5   Thumb Code   164  main.o(i.Get_ADDR)
    Get_ALL_ADDR                             0x080010b1   Thumb Code   122  main.o(i.Get_ALL_ADDR)
    HAL_DMA_Abort                            0x08001175   Thumb Code   146  stm32f4xx_hal_dma.o(i.HAL_DMA_Abort)
    HAL_DMA_Abort_IT                         0x08001207   Thumb Code    36  stm32f4xx_hal_dma.o(i.HAL_DMA_Abort_IT)
    HAL_DMA_IRQHandler                       0x0800122d   Thumb Code   412  stm32f4xx_hal_dma.o(i.HAL_DMA_IRQHandler)
    HAL_DMA_Init                             0x080013cd   Thumb Code   206  stm32f4xx_hal_dma.o(i.HAL_DMA_Init)
    HAL_DMA_Start_IT                         0x080014a1   Thumb Code   110  stm32f4xx_hal_dma.o(i.HAL_DMA_Start_IT)
    HAL_Delay                                0x08001511   Thumb Code    32  stm32f4xx_hal.o(i.HAL_Delay)
    HAL_GPIO_Init                            0x08001535   Thumb Code   446  stm32f4xx_hal_gpio.o(i.HAL_GPIO_Init)
    HAL_GPIO_WritePin                        0x08001715   Thumb Code    10  stm32f4xx_hal_gpio.o(i.HAL_GPIO_WritePin)
    HAL_GetTick                              0x08001721   Thumb Code     6  stm32f4xx_hal.o(i.HAL_GetTick)
    HAL_IWDG_Init                            0x0800172d   Thumb Code    90  stm32f4xx_hal_iwdg.o(i.HAL_IWDG_Init)
    HAL_IWDG_Refresh                         0x08001787   Thumb Code    12  stm32f4xx_hal_iwdg.o(i.HAL_IWDG_Refresh)
    HAL_IncTick                              0x08001795   Thumb Code    12  stm32f4xx_hal.o(i.HAL_IncTick)
    HAL_Init                                 0x080017a5   Thumb Code    48  stm32f4xx_hal.o(i.HAL_Init)
    HAL_InitTick                             0x080017d9   Thumb Code    54  stm32f4xx_hal.o(i.HAL_InitTick)
    HAL_MspInit                              0x08001819   Thumb Code    42  stm32f4xx_hal_msp.o(i.HAL_MspInit)
    HAL_NVIC_EnableIRQ                       0x08001849   Thumb Code    26  stm32f4xx_hal_cortex.o(i.HAL_NVIC_EnableIRQ)
    HAL_NVIC_SetPriority                     0x08001865   Thumb Code    60  stm32f4xx_hal_cortex.o(i.HAL_NVIC_SetPriority)
    HAL_NVIC_SetPriorityGrouping             0x080018a5   Thumb Code    26  stm32f4xx_hal_cortex.o(i.HAL_NVIC_SetPriorityGrouping)
    HAL_RCC_ClockConfig                      0x080018c9   Thumb Code   288  stm32f4xx_hal_rcc.o(i.HAL_RCC_ClockConfig)
    HAL_RCC_GetPCLK1Freq                     0x080019fd   Thumb Code    20  stm32f4xx_hal_rcc.o(i.HAL_RCC_GetPCLK1Freq)
    HAL_RCC_GetPCLK2Freq                     0x08001a1d   Thumb Code    20  stm32f4xx_hal_rcc.o(i.HAL_RCC_GetPCLK2Freq)
    HAL_RCC_GetSysClockFreq                  0x08001a3d   Thumb Code    88  stm32f4xx_hal_rcc.o(i.HAL_RCC_GetSysClockFreq)
    HAL_RCC_OscConfig                        0x08001aa1   Thumb Code   856  stm32f4xx_hal_rcc.o(i.HAL_RCC_OscConfig)
    HAL_SPI_Init                             0x08001e0d   Thumb Code   188  stm32f4xx_hal_spi.o(i.HAL_SPI_Init)
    HAL_SPI_MspInit                          0x08001ec9   Thumb Code   122  stm32f4xx_hal_msp.o(i.HAL_SPI_MspInit)
    HAL_SPI_TransmitReceive                  0x08001f55   Thumb Code   482  stm32f4xx_hal_spi.o(i.HAL_SPI_TransmitReceive)
    HAL_SYSTICK_Config                       0x08002137   Thumb Code    40  stm32f4xx_hal_cortex.o(i.HAL_SYSTICK_Config)
    HAL_TIMEx_BreakCallback                  0x0800215f   Thumb Code     2  stm32f4xx_hal_tim_ex.o(i.HAL_TIMEx_BreakCallback)
    HAL_TIMEx_CommutCallback                 0x08002161   Thumb Code     2  stm32f4xx_hal_tim_ex.o(i.HAL_TIMEx_CommutCallback)
    HAL_TIMEx_MasterConfigSynchronization    0x08002165   Thumb Code   104  stm32f4xx_hal_tim_ex.o(i.HAL_TIMEx_MasterConfigSynchronization)
    HAL_TIM_Base_Init                        0x080021e1   Thumb Code    90  stm32f4xx_hal_tim.o(i.HAL_TIM_Base_Init)
    HAL_TIM_Base_MspInit                     0x0800223d   Thumb Code    50  stm32f4xx_hal_msp.o(i.HAL_TIM_Base_MspInit)
    HAL_TIM_Base_Start_IT                    0x08002275   Thumb Code    88  stm32f4xx_hal_tim.o(i.HAL_TIM_Base_Start_IT)
    HAL_TIM_ConfigClockSource                0x080022e1   Thumb Code   220  stm32f4xx_hal_tim.o(i.HAL_TIM_ConfigClockSource)
    HAL_TIM_IC_CaptureCallback               0x080023bd   Thumb Code     2  stm32f4xx_hal_tim.o(i.HAL_TIM_IC_CaptureCallback)
    HAL_TIM_IRQHandler                       0x080023bf   Thumb Code   358  stm32f4xx_hal_tim.o(i.HAL_TIM_IRQHandler)
    HAL_TIM_OC_DelayElapsedCallback          0x08002525   Thumb Code     2  stm32f4xx_hal_tim.o(i.HAL_TIM_OC_DelayElapsedCallback)
    HAL_TIM_PWM_PulseFinishedCallback        0x08002527   Thumb Code     2  stm32f4xx_hal_tim.o(i.HAL_TIM_PWM_PulseFinishedCallback)
    HAL_TIM_PeriodElapsedCallback            0x08002529   Thumb Code    56  main.o(i.HAL_TIM_PeriodElapsedCallback)
    HAL_TIM_TriggerCallback                  0x0800256d   Thumb Code     2  stm32f4xx_hal_tim.o(i.HAL_TIM_TriggerCallback)
    HAL_UARTEx_RxEventCallback               0x0800256f   Thumb Code     2  stm32f4xx_hal_uart.o(i.HAL_UARTEx_RxEventCallback)
    HAL_UART_DMAStop                         0x08002571   Thumb Code   112  stm32f4xx_hal_uart.o(i.HAL_UART_DMAStop)
    HAL_UART_ErrorCallback                   0x080025e1   Thumb Code     2  stm32f4xx_hal_uart.o(i.HAL_UART_ErrorCallback)
    HAL_UART_GetState                        0x080025e3   Thumb Code    10  stm32f4xx_hal_uart.o(i.HAL_UART_GetState)
    HAL_UART_IRQHandler                      0x080025ed   Thumb Code   610  stm32f4xx_hal_uart.o(i.HAL_UART_IRQHandler)
    HAL_UART_Init                            0x08002855   Thumb Code    98  stm32f4xx_hal_uart.o(i.HAL_UART_Init)
    HAL_UART_MspInit                         0x080028b9   Thumb Code   384  stm32f4xx_hal_msp.o(i.HAL_UART_MspInit)
    HAL_UART_Receive                         0x08002a55   Thumb Code   192  stm32f4xx_hal_uart.o(i.HAL_UART_Receive)
    HAL_UART_Receive_DMA                     0x08002b15   Thumb Code    42  stm32f4xx_hal_uart.o(i.HAL_UART_Receive_DMA)
    HAL_UART_RxCpltCallback                  0x08002b3f   Thumb Code     2  stm32f4xx_hal_uart.o(i.HAL_UART_RxCpltCallback)
    HAL_UART_RxHalfCpltCallback              0x08002b41   Thumb Code     2  stm32f4xx_hal_uart.o(i.HAL_UART_RxHalfCpltCallback)
    HAL_UART_Transmit                        0x08002b45   Thumb Code   178  stm32f4xx_hal_uart.o(i.HAL_UART_Transmit)
    HAL_UART_TxCpltCallback                  0x08002bf7   Thumb Code     2  stm32f4xx_hal_uart.o(i.HAL_UART_TxCpltCallback)
    HardFault_Handler                        0x08002bf9   Thumb Code     2  stm32f4xx_it.o(i.HardFault_Handler)
    MY_UART1_RxCpltCallback                  0x08002d71   Thumb Code   680  main.o(i.MY_UART1_RxCpltCallback)
    MemManage_Handler                        0x080030ed   Thumb Code     2  stm32f4xx_it.o(i.MemManage_Handler)
    Moisture_Get_and_Upload                  0x080030f1   Thumb Code  1252  main.o(i.Moisture_Get_and_Upload)
    NBIoT_Init                               0x080035d9   Thumb Code  1450  main.o(i.NBIoT_Init)
    NMI_Handler                              0x08003bbd   Thumb Code     2  stm32f4xx_it.o(i.NMI_Handler)
    Params_Init                              0x08003bc1   Thumb Code   160  main.o(i.Params_Init)
    PendSV_Handler                           0x08003c79   Thumb Code     2  stm32f4xx_it.o(i.PendSV_Handler)
    Pump_operate                             0x08003c7d   Thumb Code    66  main.o(i.Pump_operate)
    Read_ADDR                                0x08003cc9   Thumb Code    38  main.o(i.Read_ADDR)
    Read_SV_state                            0x08003cf9   Thumb Code    44  main.o(i.Read_SV_state)
    Record_Mac_cnt                           0x08003d29   Thumb Code    42  main.o(i.Record_Mac_cnt)
    Record_Params                            0x08003d59   Thumb Code   120  main.o(i.Record_Params)
    Record_SV_state                          0x08003dd5   Thumb Code    50  main.o(i.Record_SV_state)
    SVC_Handler                              0x08003f1d   Thumb Code     2  stm32f4xx_it.o(i.SVC_Handler)
    SV_operate                               0x08003f21   Thumb Code   158  main.o(i.SV_operate)
    SysTick_Handler                          0x08003fe9   Thumb Code     4  stm32f4xx_it.o(i.SysTick_Handler)
    SystemClock_Config                       0x08003fed   Thumb Code   146  main.o(i.SystemClock_Config)
    SystemInit                               0x08004089   Thumb Code    12  system_stm32f4xx.o(i.SystemInit)
    TIM2_IRQHandler                          0x08004099   Thumb Code     6  stm32f4xx_it.o(i.TIM2_IRQHandler)
    TIM_Base_SetConfig                       0x080040a5   Thumb Code   122  stm32f4xx_hal_tim.o(i.TIM_Base_SetConfig)
    TIM_ETR_SetConfig                        0x0800413d   Thumb Code    20  stm32f4xx_hal_tim.o(i.TIM_ETR_SetConfig)
    UART_Start_Receive_DMA                   0x080044d5   Thumb Code   130  stm32f4xx_hal_uart.o(i.UART_Start_Receive_DMA)
    USART1_IRQHandler                        0x080045dd   Thumb Code   102  stm32f4xx_it.o(i.USART1_IRQHandler)
    USART2_IRQHandler                        0x0800465d   Thumb Code     6  stm32f4xx_it.o(i.USART2_IRQHandler)
    USART6_IRQHandler                        0x08004669   Thumb Code     6  stm32f4xx_it.o(i.USART6_IRQHandler)
    UsageFault_Handler                       0x08004675   Thumb Code     2  stm32f4xx_it.o(i.UsageFault_Handler)
    W25Q32_Init                              0x08004679   Thumb Code    42  main.o(i.W25Q32_Init)
    W25QXX_Erase_Sector                      0x080046c9   Thumb Code    70  w25qxx.o(i.W25QXX_Erase_Sector)
    W25QXX_Init                              0x08004715   Thumb Code    68  w25qxx.o(i.W25QXX_Init)
    W25QXX_Read                              0x08004761   Thumb Code    84  w25qxx.o(i.W25QXX_Read)
    W25QXX_ReadCapacity                      0x080047b9   Thumb Code    82  w25qxx.o(i.W25QXX_ReadCapacity)
    W25QXX_ReadID                            0x08004811   Thumb Code    72  w25qxx.o(i.W25QXX_ReadID)
    W25QXX_ReadSR                            0x0800485d   Thumb Code    42  w25qxx.o(i.W25QXX_ReadSR)
    W25QXX_ReadUniqueID                      0x0800488d   Thumb Code    76  w25qxx.o(i.W25QXX_ReadUniqueID)
    W25QXX_Wait_Busy                         0x08004909   Thumb Code    14  w25qxx.o(i.W25QXX_Wait_Busy)
    W25QXX_Write                             0x08004919   Thumb Code   152  w25qxx.o(i.W25QXX_Write)
    W25QXX_Write_Disable                     0x080049b5   Thumb Code    34  w25qxx.o(i.W25QXX_Write_Disable)
    W25QXX_Write_Enable                      0x080049dd   Thumb Code    34  w25qxx.o(i.W25QXX_Write_Enable)
    W25QXX_Write_NoCheck                     0x08004a05   Thumb Code    62  w25qxx.o(i.W25QXX_Write_NoCheck)
    W25QXX_Write_Page                        0x08004a45   Thumb Code    90  w25qxx.o(i.W25QXX_Write_Page)
    Write_ADDR                               0x08004aa5   Thumb Code    32  main.o(i.Write_ADDR)
    __0printf                                0x08004ac9   Thumb Code    22  printfa.o(i.__0printf)
    __1printf                                0x08004ac9   Thumb Code     0  printfa.o(i.__0printf)
    __2printf                                0x08004ac9   Thumb Code     0  printfa.o(i.__0printf)
    __c89printf                              0x08004ac9   Thumb Code     0  printfa.o(i.__0printf)
    printf                                   0x08004ac9   Thumb Code     0  printfa.o(i.__0printf)
    __0sprintf                               0x08004ae9   Thumb Code    34  printfa.o(i.__0sprintf)
    __1sprintf                               0x08004ae9   Thumb Code     0  printfa.o(i.__0sprintf)
    __2sprintf                               0x08004ae9   Thumb Code     0  printfa.o(i.__0sprintf)
    __c89sprintf                             0x08004ae9   Thumb Code     0  printfa.o(i.__0sprintf)
    sprintf                                  0x08004ae9   Thumb Code     0  printfa.o(i.__0sprintf)
    free                                     0x08004b31   Thumb Code    88  mallocr.o(i.__free$realloc)
    __hardfp_strtod                          0x08004b91   Thumb Code    30  strtod.o(i.__hardfp_strtod)
    malloc                                   0x08004bb9   Thumb Code    64  mallocr.o(i.__malloc$realloc)
    __scatterload_copy                       0x08004c09   Thumb Code    14  handlers.o(i.__scatterload_copy)
    __scatterload_null                       0x08004c17   Thumb Code     2  handlers.o(i.__scatterload_null)
    __scatterload_zeroinit                   0x08004c19   Thumb Code    14  handlers.o(i.__scatterload_zeroinit)
    _is_digit                                0x08004dad   Thumb Code    14  scanf_fp.o(i._is_digit)
    cJSON_Delete                             0x08005525   Thumb Code    66  cjson.o(i.cJSON_Delete)
    cJSON_GetObjectItem                      0x0800556d   Thumb Code     6  cjson.o(i.cJSON_GetObjectItem)
    cJSON_Parse                              0x08005589   Thumb Code     8  cjson.o(i.cJSON_Parse)
    cJSON_ParseWithLengthOpts                0x08005591   Thumb Code   210  cjson.o(i.cJSON_ParseWithLengthOpts)
    cJSON_ParseWithOpts                      0x0800566d   Thumb Code    34  cjson.o(i.cJSON_ParseWithOpts)
    fputc                                    0x08005691   Thumb Code    20  main.o(i.fputc)
    main                                     0x08005775   Thumb Code   334  main.o(i.main)
    realloc                                  0x08005e05   Thumb Code   102  mallocr.o(i.realloc)
    AHBPrescTable                            0x0800674c   Data          16  system_stm32f4xx.o(.constdata)
    APBPrescTable                            0x0800675c   Data           8  system_stm32f4xx.o(.constdata)
    __ctype_categories                       0x08006764   Data          64  ctype_c.o(.constdata)
    Region$$Table$$Base                      0x08006ce8   Number         0  anon$$obj.o(Region$$Table)
    Region$$Table$$Limit                     0x08006d08   Number         0  anon$$obj.o(Region$$Table)
    W25QXX_TYPE                              0x20000014   Data           2  w25qxx.o(.data)
    W25QXX_SIZE                              0x20000018   Data           4  w25qxx.o(.data)
    W25QXX_UID                               0x2000001c   Data           8  w25qxx.o(.data)
    RecFlag                                  0x20000024   Data           1  main.o(.data)
    led_state                                0x20000025   Data           1  main.o(.data)
    usart1_Rx_cnt                            0x20000026   Data           2  main.o(.data)
    detect_cnt                               0x20000028   Data           2  main.o(.data)
    EC_sent_cnt                              0x2000002c   Data           4  main.o(.data)
    mac_num                                  0x20000030   Data           4  main.o(.data)
    L2                                       0x20000034   Data           7  main.o(.data)
    uwTickFreq                               0x2000003c   Data           1  stm32f4xx_hal.o(.data)
    uwTickPrio                               0x20000040   Data           4  stm32f4xx_hal.o(.data)
    uwTick                                   0x20000044   Data           4  stm32f4xx_hal.o(.data)
    SystemCoreClock                          0x20000048   Data           4  system_stm32f4xx.o(.data)
    __stdout                                 0x2000004c   Data           4  stdout.o(.data)
    __microlib_freelist                      0x20000050   Data           4  mvars.o(.data)
    __microlib_freelist_initialised          0x20000054   Data           4  mvars.o(.data)
    W25QXX_BUFFER                            0x20000058   Data        4096  w25qxx.o(.bss)
    hiwdg                                    0x20001058   Data          12  main.o(.bss)
    hspi1                                    0x20001064   Data          88  main.o(.bss)
    htim2                                    0x200010bc   Data          72  main.o(.bss)
    huart1                                   0x20001104   Data          68  main.o(.bss)
    huart2                                   0x20001148   Data          68  main.o(.bss)
    huart6                                   0x2000118c   Data          68  main.o(.bss)
    item1                                    0x200011d0   Data          36  main.o(.bss)
    W25Q32_read_buff                         0x200011f4   Data          14  main.o(.bss)
    usart1_rebuff                            0x20001202   Data         400  main.o(.bss)
    usart1_copy                              0x20001392   Data         400  main.o(.bss)
    usart2_rebuff                            0x20001522   Data          20  main.o(.bss)
    adc_list                                 0x20001538   Data          20  main.o(.bss)
    EC_sent_buffer                           0x2000154c   Data         160  main.o(.bss)
    hdma_usart1_rx                           0x200015ec   Data          96  main.o(.bss)
    __heap_base                              0x20001650   Data           0  startup_stm32f401xc.o(HEAP)
    __heap_limit                             0x20002650   Data           0  startup_stm32f401xc.o(HEAP)
    __initial_sp                             0x20004650   Data           0  startup_stm32f401xc.o(STACK)



==============================================================================

Memory Map of the image

  Image Entry point : 0x08000195

  Load Region LR_IROM1 (Base: 0x08000000, Size: 0x00006d60, Max: 0x00040000, ABSOLUTE)

    Execution Region ER_IROM1 (Base: 0x08000000, Size: 0x00006d08, Max: 0x00040000, ABSOLUTE)

    Base Addr    Size         Type   Attr      Idx    E Section Name        Object

    0x08000000   0x00000194   Data   RO            3    RESET               startup_stm32f401xc.o
    0x08000194   0x00000000   Code   RO         4157  * .ARM.Collect$$$$00000000  mc_w.l(entry.o)
    0x08000194   0x00000004   Code   RO         4489    .ARM.Collect$$$$00000001  mc_w.l(entry2.o)
    0x08000198   0x00000004   Code   RO         4492    .ARM.Collect$$$$00000004  mc_w.l(entry5.o)
    0x0800019c   0x00000000   Code   RO         4494    .ARM.Collect$$$$00000008  mc_w.l(entry7b.o)
    0x0800019c   0x00000000   Code   RO         4496    .ARM.Collect$$$$0000000A  mc_w.l(entry8b.o)
    0x0800019c   0x00000008   Code   RO         4497    .ARM.Collect$$$$0000000B  mc_w.l(entry9a.o)
    0x080001a4   0x00000000   Code   RO         4499    .ARM.Collect$$$$0000000D  mc_w.l(entry10a.o)
    0x080001a4   0x00000000   Code   RO         4501    .ARM.Collect$$$$0000000F  mc_w.l(entry11a.o)
    0x080001a4   0x00000004   Code   RO         4490    .ARM.Collect$$$$00002712  mc_w.l(entry2.o)
    0x080001a8   0x00000024   Code   RO            4    .text               startup_stm32f401xc.o
    0x080001cc   0x00000062   Code   RO         4160    .text               mc_w.l(uldiv.o)
    0x0800022e   0x0000000c   Code   RO         4162    .text               mc_w.l(tolower.o)
    0x0800023a   0x00000024   Code   RO         4166    .text               mc_w.l(memcpya.o)
    0x0800025e   0x00000024   Code   RO         4168    .text               mc_w.l(memseta.o)
    0x08000282   0x0000000e   Code   RO         4170    .text               mc_w.l(strlen.o)
    0x08000290   0x0000001c   Code   RO         4172    .text               mc_w.l(strcmp.o)
    0x080002ac   0x0000001e   Code   RO         4176    .text               mc_w.l(strncmp.o)
    0x080002ca   0x00000002   PAD
    0x080002cc   0x00000338   Code   RO         4471    .text               mc_w.l(scanf_fp.o)
    0x08000604   0x0000014e   Code   RO         4475    .text               mf_w.l(dadd.o)
    0x08000752   0x000000e4   Code   RO         4477    .text               mf_w.l(dmul.o)
    0x08000836   0x0000003e   Code   RO         4481    .text               mf_w.l(dfixi.o)
    0x08000874   0x00000026   Code   RO         4483    .text               mf_w.l(f2d.o)
    0x0800089a   0x00000002   PAD
    0x0800089c   0x00000030   Code   RO         4485    .text               mf_w.l(cdcmple.o)
    0x080008cc   0x00000030   Code   RO         4487    .text               mf_w.l(cdrcmple.o)
    0x080008fc   0x0000002c   Code   RO         4504    .text               mc_w.l(uidiv.o)
    0x08000928   0x0000001e   Code   RO         4506    .text               mc_w.l(llshl.o)
    0x08000946   0x00000020   Code   RO         4508    .text               mc_w.l(llushr.o)
    0x08000966   0x00000024   Code   RO         4510    .text               mc_w.l(llsshr.o)
    0x0800098a   0x00000040   Code   RO         4516    .text               mc_w.l(_sgetc.o)
    0x080009ca   0x00000002   PAD
    0x080009cc   0x0000009c   Code   RO         4518    .text               mc_w.l(strtod.o)
    0x08000a68   0x00000000   Code   RO         4520    .text               mc_w.l(iusefp.o)
    0x08000a68   0x000000ba   Code   RO         4521    .text               mf_w.l(depilogue.o)
    0x08000b22   0x000000de   Code   RO         4523    .text               mf_w.l(ddiv.o)
    0x08000c00   0x00000018   Code   RO         4525    .text               mf_w.l(dfltul.o)
    0x08000c18   0x00000030   Code   RO         4527    .text               mf_w.l(dfixul.o)
    0x08000c48   0x00000038   Code   RO         4529    .text               mf_w.l(d2f.o)
    0x08000c80   0x00000024   Code   RO         4531    .text               mc_w.l(init.o)
    0x08000ca4   0x0000000a   Code   RO         4533    .text               mc_w.l(isspace_c.o)
    0x08000cae   0x0000006e   Code   RO         4537    .text               mf_w.l(fepilogue.o)
    0x08000d1c   0x00000028   Code   RO         4539    .text               mc_w.l(ctype_c.o)
    0x08000d44   0x00000044   Code   RO          872    i.Array_sort        main.o
    0x08000d88   0x00000050   Code   RO          873    i.BF                main.o
    0x08000dd8   0x00000002   Code   RO         1081    i.BusFault_Handler  stm32f4xx_it.o
    0x08000dda   0x00000002   PAD
    0x08000ddc   0x0000000c   Code   RO         1082    i.DMA2_Stream2_IRQHandler  stm32f4xx_it.o
    0x08000de8   0x00000028   Code   RO         1761    i.DMA_CalcBaseAndBitshift  stm32f4xx_hal_dma.o
    0x08000e10   0x00000054   Code   RO         1762    i.DMA_CheckFifoParam  stm32f4xx_hal_dma.o
    0x08000e64   0x00000028   Code   RO         1763    i.DMA_SetConfig     stm32f4xx_hal_dma.o
    0x08000e8c   0x00000002   Code   RO         1083    i.DebugMon_Handler  stm32f4xx_it.o
    0x08000e8e   0x00000002   PAD
    0x08000e90   0x0000009c   Code   RO          874    i.E18_Init          main.o
    0x08000f2c   0x00000004   Code   RO          875    i.Error_Handler     main.o
    0x08000f30   0x000000a4   Code   RO          876    i.Get_ADC           main.o
    0x08000fd4   0x000000dc   Code   RO          877    i.Get_ADDR          main.o
    0x080010b0   0x000000c4   Code   RO          878    i.Get_ALL_ADDR      main.o
    0x08001174   0x00000092   Code   RO         1764    i.HAL_DMA_Abort     stm32f4xx_hal_dma.o
    0x08001206   0x00000024   Code   RO         1765    i.HAL_DMA_Abort_IT  stm32f4xx_hal_dma.o
    0x0800122a   0x00000002   PAD
    0x0800122c   0x000001a0   Code   RO         1769    i.HAL_DMA_IRQHandler  stm32f4xx_hal_dma.o
    0x080013cc   0x000000d4   Code   RO         1770    i.HAL_DMA_Init      stm32f4xx_hal_dma.o
    0x080014a0   0x0000006e   Code   RO         1774    i.HAL_DMA_Start_IT  stm32f4xx_hal_dma.o
    0x0800150e   0x00000002   PAD
    0x08001510   0x00000024   Code   RO         2207    i.HAL_Delay         stm32f4xx_hal.o
    0x08001534   0x000001e0   Code   RO         1657    i.HAL_GPIO_Init     stm32f4xx_hal_gpio.o
    0x08001714   0x0000000a   Code   RO         1661    i.HAL_GPIO_WritePin  stm32f4xx_hal_gpio.o
    0x0800171e   0x00000002   PAD
    0x08001720   0x0000000c   Code   RO         2213    i.HAL_GetTick       stm32f4xx_hal.o
    0x0800172c   0x0000005a   Code   RO         1248    i.HAL_IWDG_Init     stm32f4xx_hal_iwdg.o
    0x08001786   0x0000000c   Code   RO         1249    i.HAL_IWDG_Refresh  stm32f4xx_hal_iwdg.o
    0x08001792   0x00000002   PAD
    0x08001794   0x00000010   Code   RO         2219    i.HAL_IncTick       stm32f4xx_hal.o
    0x080017a4   0x00000034   Code   RO         2220    i.HAL_Init          stm32f4xx_hal.o
    0x080017d8   0x00000040   Code   RO         2221    i.HAL_InitTick      stm32f4xx_hal.o
    0x08001818   0x00000030   Code   RO         1187    i.HAL_MspInit       stm32f4xx_hal_msp.o
    0x08001848   0x0000001a   Code   RO         2070    i.HAL_NVIC_EnableIRQ  stm32f4xx_hal_cortex.o
    0x08001862   0x00000002   PAD
    0x08001864   0x00000040   Code   RO         2076    i.HAL_NVIC_SetPriority  stm32f4xx_hal_cortex.o
    0x080018a4   0x00000024   Code   RO         2077    i.HAL_NVIC_SetPriorityGrouping  stm32f4xx_hal_cortex.o
    0x080018c8   0x00000134   Code   RO         1279    i.HAL_RCC_ClockConfig  stm32f4xx_hal_rcc.o
    0x080019fc   0x00000020   Code   RO         1286    i.HAL_RCC_GetPCLK1Freq  stm32f4xx_hal_rcc.o
    0x08001a1c   0x00000020   Code   RO         1287    i.HAL_RCC_GetPCLK2Freq  stm32f4xx_hal_rcc.o
    0x08001a3c   0x00000064   Code   RO         1288    i.HAL_RCC_GetSysClockFreq  stm32f4xx_hal_rcc.o
    0x08001aa0   0x0000036c   Code   RO         1291    i.HAL_RCC_OscConfig  stm32f4xx_hal_rcc.o
    0x08001e0c   0x000000bc   Code   RO         2469    i.HAL_SPI_Init      stm32f4xx_hal_spi.o
    0x08001ec8   0x0000008c   Code   RO         1189    i.HAL_SPI_MspInit   stm32f4xx_hal_msp.o
    0x08001f54   0x000001e2   Code   RO         2478    i.HAL_SPI_TransmitReceive  stm32f4xx_hal_spi.o
    0x08002136   0x00000028   Code   RO         2081    i.HAL_SYSTICK_Config  stm32f4xx_hal_cortex.o
    0x0800215e   0x00000002   Code   RO         3486    i.HAL_TIMEx_BreakCallback  stm32f4xx_hal_tim_ex.o
    0x08002160   0x00000002   Code   RO         3487    i.HAL_TIMEx_CommutCallback  stm32f4xx_hal_tim_ex.o
    0x08002162   0x00000002   PAD
    0x08002164   0x0000007c   Code   RO         3505    i.HAL_TIMEx_MasterConfigSynchronization  stm32f4xx_hal_tim_ex.o
    0x080021e0   0x0000005a   Code   RO         2782    i.HAL_TIM_Base_Init  stm32f4xx_hal_tim.o
    0x0800223a   0x00000002   PAD
    0x0800223c   0x00000038   Code   RO         1191    i.HAL_TIM_Base_MspInit  stm32f4xx_hal_msp.o
    0x08002274   0x0000006c   Code   RO         2787    i.HAL_TIM_Base_Start_IT  stm32f4xx_hal_tim.o
    0x080022e0   0x000000dc   Code   RO         2791    i.HAL_TIM_ConfigClockSource  stm32f4xx_hal_tim.o
    0x080023bc   0x00000002   Code   RO         2816    i.HAL_TIM_IC_CaptureCallback  stm32f4xx_hal_tim.o
    0x080023be   0x00000166   Code   RO         2830    i.HAL_TIM_IRQHandler  stm32f4xx_hal_tim.o
    0x08002524   0x00000002   Code   RO         2833    i.HAL_TIM_OC_DelayElapsedCallback  stm32f4xx_hal_tim.o
    0x08002526   0x00000002   Code   RO         2860    i.HAL_TIM_PWM_PulseFinishedCallback  stm32f4xx_hal_tim.o
    0x08002528   0x00000044   Code   RO          879    i.HAL_TIM_PeriodElapsedCallback  main.o
    0x0800256c   0x00000002   Code   RO         2873    i.HAL_TIM_TriggerCallback  stm32f4xx_hal_tim.o
    0x0800256e   0x00000002   Code   RO         3764    i.HAL_UARTEx_RxEventCallback  stm32f4xx_hal_uart.o
    0x08002570   0x00000070   Code   RO         3776    i.HAL_UART_DMAStop  stm32f4xx_hal_uart.o
    0x080025e0   0x00000002   Code   RO         3778    i.HAL_UART_ErrorCallback  stm32f4xx_hal_uart.o
    0x080025e2   0x0000000a   Code   RO         3780    i.HAL_UART_GetState  stm32f4xx_hal_uart.o
    0x080025ec   0x00000268   Code   RO         3781    i.HAL_UART_IRQHandler  stm32f4xx_hal_uart.o
    0x08002854   0x00000062   Code   RO         3782    i.HAL_UART_Init     stm32f4xx_hal_uart.o
    0x080028b6   0x00000002   PAD
    0x080028b8   0x0000019c   Code   RO         1193    i.HAL_UART_MspInit  stm32f4xx_hal_msp.o
    0x08002a54   0x000000c0   Code   RO         3785    i.HAL_UART_Receive  stm32f4xx_hal_uart.o
    0x08002b14   0x0000002a   Code   RO         3786    i.HAL_UART_Receive_DMA  stm32f4xx_hal_uart.o
    0x08002b3e   0x00000002   Code   RO         3788    i.HAL_UART_RxCpltCallback  stm32f4xx_hal_uart.o
    0x08002b40   0x00000002   Code   RO         3789    i.HAL_UART_RxHalfCpltCallback  stm32f4xx_hal_uart.o
    0x08002b42   0x00000002   PAD
    0x08002b44   0x000000b2   Code   RO         3790    i.HAL_UART_Transmit  stm32f4xx_hal_uart.o
    0x08002bf6   0x00000002   Code   RO         3793    i.HAL_UART_TxCpltCallback  stm32f4xx_hal_uart.o
    0x08002bf8   0x00000002   Code   RO         1084    i.HardFault_Handler  stm32f4xx_it.o
    0x08002bfa   0x00000002   PAD
    0x08002bfc   0x000000c8   Code   RO          880    i.MX_GPIO_Init      main.o
    0x08002cc4   0x00000044   Code   RO          881    i.MX_SPI1_Init      main.o
    0x08002d08   0x00000068   Code   RO          882    i.MX_TIM2_Init      main.o
    0x08002d70   0x0000037c   Code   RO          883    i.MY_UART1_RxCpltCallback  main.o
    0x080030ec   0x00000002   Code   RO         1085    i.MemManage_Handler  stm32f4xx_it.o
    0x080030ee   0x00000002   PAD
    0x080030f0   0x000004e8   Code   RO          884    i.Moisture_Get_and_Upload  main.o
    0x080035d8   0x000005e4   Code   RO          885    i.NBIoT_Init        main.o
    0x08003bbc   0x00000002   Code   RO         1086    i.NMI_Handler       stm32f4xx_it.o
    0x08003bbe   0x00000002   PAD
    0x08003bc0   0x000000b8   Code   RO          886    i.Params_Init       main.o
    0x08003c78   0x00000002   Code   RO         1087    i.PendSV_Handler    stm32f4xx_it.o
    0x08003c7a   0x00000002   PAD
    0x08003c7c   0x0000004c   Code   RO          887    i.Pump_operate      main.o
    0x08003cc8   0x00000030   Code   RO          888    i.Read_ADDR         main.o
    0x08003cf8   0x00000030   Code   RO          889    i.Read_SV_state     main.o
    0x08003d28   0x00000030   Code   RO          890    i.Record_Mac_cnt    main.o
    0x08003d58   0x0000007c   Code   RO          891    i.Record_Params     main.o
    0x08003dd4   0x00000038   Code   RO          892    i.Record_SV_state   main.o
    0x08003e0c   0x00000058   Code   RO         2507    i.SPI_EndRxTxTransaction  stm32f4xx_hal_spi.o
    0x08003e64   0x000000b8   Code   RO         2512    i.SPI_WaitFlagStateUntilTimeout  stm32f4xx_hal_spi.o
    0x08003f1c   0x00000002   Code   RO         1088    i.SVC_Handler       stm32f4xx_it.o
    0x08003f1e   0x00000002   PAD
    0x08003f20   0x000000c8   Code   RO          893    i.SV_operate        main.o
    0x08003fe8   0x00000004   Code   RO         1089    i.SysTick_Handler   stm32f4xx_it.o
    0x08003fec   0x0000009c   Code   RO          894    i.SystemClock_Config  main.o
    0x08004088   0x00000010   Code   RO         4111    i.SystemInit        system_stm32f4xx.o
    0x08004098   0x0000000c   Code   RO         1090    i.TIM2_IRQHandler   stm32f4xx_it.o
    0x080040a4   0x00000098   Code   RO         2875    i.TIM_Base_SetConfig  stm32f4xx_hal_tim.o
    0x0800413c   0x00000014   Code   RO         2886    i.TIM_ETR_SetConfig  stm32f4xx_hal_tim.o
    0x08004150   0x00000010   Code   RO         2887    i.TIM_ITRx_SetConfig  stm32f4xx_hal_tim.o
    0x08004160   0x00000022   Code   RO         2893    i.TIM_TI1_ConfigInputStage  stm32f4xx_hal_tim.o
    0x08004182   0x00000024   Code   RO         2895    i.TIM_TI2_ConfigInputStage  stm32f4xx_hal_tim.o
    0x080041a6   0x00000010   Code   RO         3795    i.UART_DMAAbortOnError  stm32f4xx_hal_uart.o
    0x080041b6   0x0000004a   Code   RO         3796    i.UART_DMAError     stm32f4xx_hal_uart.o
    0x08004200   0x00000082   Code   RO         3797    i.UART_DMAReceiveCplt  stm32f4xx_hal_uart.o
    0x08004282   0x0000001a   Code   RO         3799    i.UART_DMARxHalfCplt  stm32f4xx_hal_uart.o
    0x0800429c   0x0000004e   Code   RO         3805    i.UART_EndRxTransfer  stm32f4xx_hal_uart.o
    0x080042ea   0x0000001c   Code   RO         3806    i.UART_EndTxTransfer  stm32f4xx_hal_uart.o
    0x08004306   0x000000c0   Code   RO         3807    i.UART_Receive_IT   stm32f4xx_hal_uart.o
    0x080043c6   0x00000002   PAD
    0x080043c8   0x0000010c   Code   RO         3808    i.UART_SetConfig    stm32f4xx_hal_uart.o
    0x080044d4   0x00000090   Code   RO         3809    i.UART_Start_Receive_DMA  stm32f4xx_hal_uart.o
    0x08004564   0x00000078   Code   RO         3811    i.UART_WaitOnFlagUntilTimeout  stm32f4xx_hal_uart.o
    0x080045dc   0x00000080   Code   RO         1091    i.USART1_IRQHandler  stm32f4xx_it.o
    0x0800465c   0x0000000c   Code   RO         1092    i.USART2_IRQHandler  stm32f4xx_it.o
    0x08004668   0x0000000c   Code   RO         1093    i.USART6_IRQHandler  stm32f4xx_it.o
    0x08004674   0x00000002   Code   RO         1094    i.UsageFault_Handler  stm32f4xx_it.o
    0x08004676   0x00000002   PAD
    0x08004678   0x00000050   Code   RO          895    i.W25Q32_Init       main.o
    0x080046c8   0x0000004c   Code   RO          637    i.W25QXX_Erase_Sector  w25qxx.o
    0x08004714   0x0000004c   Code   RO          638    i.W25QXX_Init       w25qxx.o
    0x08004760   0x00000058   Code   RO          640    i.W25QXX_Read       w25qxx.o
    0x080047b8   0x00000058   Code   RO          641    i.W25QXX_ReadCapacity  w25qxx.o
    0x08004810   0x0000004c   Code   RO          642    i.W25QXX_ReadID     w25qxx.o
    0x0800485c   0x00000030   Code   RO          643    i.W25QXX_ReadSR     w25qxx.o
    0x0800488c   0x00000050   Code   RO          644    i.W25QXX_ReadUniqueID  w25qxx.o
    0x080048dc   0x0000002c   Code   RO          645    i.W25QXX_SPI_ReadWriteByte  w25qxx.o
    0x08004908   0x0000000e   Code   RO          647    i.W25QXX_Wait_Busy  w25qxx.o
    0x08004916   0x00000002   PAD
    0x08004918   0x0000009c   Code   RO          648    i.W25QXX_Write      w25qxx.o
    0x080049b4   0x00000028   Code   RO          649    i.W25QXX_Write_Disable  w25qxx.o
    0x080049dc   0x00000028   Code   RO          650    i.W25QXX_Write_Enable  w25qxx.o
    0x08004a04   0x0000003e   Code   RO          651    i.W25QXX_Write_NoCheck  w25qxx.o
    0x08004a42   0x00000002   PAD
    0x08004a44   0x00000060   Code   RO          652    i.W25QXX_Write_Page  w25qxx.o
    0x08004aa4   0x00000024   Code   RO          896    i.Write_ADDR        main.o
    0x08004ac8   0x00000020   Code   RO         4413    i.__0printf         mc_w.l(printfa.o)
    0x08004ae8   0x00000028   Code   RO         4415    i.__0sprintf        mc_w.l(printfa.o)
    0x08004b10   0x00000020   Code   RO         2083    i.__NVIC_SetPriority  stm32f4xx_hal_cortex.o
    0x08004b30   0x0000005c   Code   RO         4445    i.__free$realloc    mc_w.l(mallocr.o)
    0x08004b8c   0x00000004   PAD
    0x08004b90   0x00000028   Code   RO         4151    i.__hardfp_strtod   m_wm.l(strtod.o)
    0x08004bb8   0x00000050   Code   RO         4446    i.__malloc$realloc  mc_w.l(mallocr.o)
    0x08004c08   0x0000000e   Code   RO         4544    i.__scatterload_copy  mc_w.l(handlers.o)
    0x08004c16   0x00000002   Code   RO         4545    i.__scatterload_null  mc_w.l(handlers.o)
    0x08004c18   0x0000000e   Code   RO         4546    i.__scatterload_zeroinit  mc_w.l(handlers.o)
    0x08004c26   0x00000002   PAD
    0x08004c28   0x00000184   Code   RO         4420    i._fp_digits        mc_w.l(printfa.o)
    0x08004dac   0x0000000e   Code   RO         4473    i._is_digit         mc_w.l(scanf_fp.o)
    0x08004dba   0x00000002   PAD
    0x08004dbc   0x000006dc   Code   RO         4421    i._printf_core      mc_w.l(printfa.o)
    0x08005498   0x00000024   Code   RO         4422    i._printf_post_padding  mc_w.l(printfa.o)
    0x080054bc   0x0000002e   Code   RO         4423    i._printf_pre_padding  mc_w.l(printfa.o)
    0x080054ea   0x0000000a   Code   RO         4425    i._sputc            mc_w.l(printfa.o)
    0x080054f4   0x00000030   Code   RO           12    i.buffer_skip_whitespace  cjson.o
    0x08005524   0x00000048   Code   RO           44    i.cJSON_Delete      cjson.o
    0x0800556c   0x00000006   Code   RO           57    i.cJSON_GetObjectItem  cjson.o
    0x08005572   0x00000016   Code   RO           74    i.cJSON_New_Item    cjson.o
    0x08005588   0x00000008   Code   RO           75    i.cJSON_Parse       cjson.o
    0x08005590   0x000000dc   Code   RO           77    i.cJSON_ParseWithLengthOpts  cjson.o
    0x0800566c   0x00000022   Code   RO           78    i.cJSON_ParseWithOpts  cjson.o
    0x0800568e   0x00000002   PAD
    0x08005690   0x00000018   Code   RO          897    i.fputc             main.o
    0x080056a8   0x0000007a   Code   RO           97    i.get_object_item   cjson.o
    0x08005722   0x00000002   PAD
    0x08005724   0x00000050   Code   RO         4447    i.internal_alloc    mc_w.l(mallocr.o)
    0x08005774   0x0000016c   Code   RO          898    i.main              main.o
    0x080058e0   0x000000d0   Code   RO           99    i.parse_array       cjson.o
    0x080059b0   0x00000040   Code   RO          100    i.parse_hex4        cjson.o
    0x080059f0   0x00000100   Code   RO          101    i.parse_number      cjson.o
    0x08005af0   0x0000010a   Code   RO          102    i.parse_object      cjson.o
    0x08005bfa   0x0000010c   Code   RO          103    i.parse_string      cjson.o
    0x08005d06   0x00000002   PAD
    0x08005d08   0x000000fc   Code   RO          104    i.parse_value       cjson.o
    0x08005e04   0x0000006c   Code   RO         4448    i.realloc           mc_w.l(mallocr.o)
    0x08005e70   0x000000d2   Code   RO          113    i.utf16_literal_to_utf8  cjson.o
    0x08005f42   0x00000002   PAD
    0x08005f44   0x00000800   Data   RO          903    .constdata          main.o
    0x08006744   0x00000008   Data   RO         1776    .constdata          stm32f4xx_hal_dma.o
    0x0800674c   0x00000010   Data   RO         4112    .constdata          system_stm32f4xx.o
    0x0800675c   0x00000008   Data   RO         4113    .constdata          system_stm32f4xx.o
    0x08006764   0x00000040   Data   RO         4540    .constdata          mc_w.l(ctype_c.o)
    0x080067a4   0x00000544   Data   RO          904    .conststring        main.o
    0x08006ce8   0x00000020   Data   RO         4542    Region$$Table       anon$$obj.o


    Execution Region RW_IRAM1 (Base: 0x20000000, Size: 0x00004650, Max: 0x00010000, ABSOLUTE)

    Base Addr    Size         Type   Attr      Idx    E Section Name        Object

    0x20000000   0x00000014   Data   RW          115    .data               cjson.o
    0x20000014   0x00000010   Data   RW          656    .data               w25qxx.o
    0x20000024   0x00000017   Data   RW          905    .data               main.o
    0x2000003b   0x00000001   PAD
    0x2000003c   0x0000000c   Data   RW         2227    .data               stm32f4xx_hal.o
    0x20000048   0x00000004   Data   RW         4114    .data               system_stm32f4xx.o
    0x2000004c   0x00000004   Data   RW         4503    .data               mc_w.l(stdout.o)
    0x20000050   0x00000004   Data   RW         4512    .data               mc_w.l(mvars.o)
    0x20000054   0x00000004   Data   RW         4513    .data               mc_w.l(mvars.o)
    0x20000058   0x00001000   Zero   RW          655    .bss                w25qxx.o
    0x20001058   0x00000594   Zero   RW          899    .bss                main.o
    0x200015ec   0x00000060   Zero   RW          900    .bss                main.o
    0x2000164c   0x00000004   PAD
    0x20001650   0x00001000   Zero   RW            2    HEAP                startup_stm32f401xc.o
    0x20002650   0x00002000   Zero   RW            1    STACK               startup_stm32f401xc.o


==============================================================================

Image component sizes


      Code (inc. data)   RO Data    RW Data    ZI Data      Debug   Object Name

      2056         68          0         20          0      20056   cjson.o
      6428       1262       3396         23       1524      25639   main.o
        36          8        404          0      12288        824   startup_stm32f401xc.o
       180         28          0         12          0       9185   stm32f4xx_hal.o
       198         14          0          0          0      33883   stm32f4xx_hal_cortex.o
      1084         16          8          0          0       7250   stm32f4xx_hal_dma.o
       490         34          0          0          0       2136   stm32f4xx_hal_gpio.o
       102          0          0          0          0       1851   stm32f4xx_hal_iwdg.o
       656         58          0          0          0       3351   stm32f4xx_hal_msp.o
      1348         76          0          0          0       5168   stm32f4xx_hal_rcc.o
       942         12          0          0          0       4857   stm32f4xx_hal_spi.o
      1042         50          0          0          0       9973   stm32f4xx_hal_tim.o
       128         20          0          0          0       2409   stm32f4xx_hal_tim_ex.o
      2334         30          0          0          0      17580   stm32f4xx_hal_uart.o
       196         50          0          0          0       7186   stm32f4xx_it.o
        16          4         24          4          0       1091   system_stm32f4xx.o
       984         64          0         16       4096     433063   w25qxx.o

    ----------------------------------------------------------------------
     18268       1794       3864         76      17912     585502   Object Totals
         0          0         32          0          0          0   (incl. Generated)
        48          0          0          1          4          0   (incl. Padding)

    ----------------------------------------------------------------------

      Code (inc. data)   RO Data    RW Data    ZI Data      Debug   Library Member Name

        40         10          0          0          0        128   strtod.o
        64          0          0          0          0         84   _sgetc.o
        40          6         64          0          0         68   ctype_c.o
         0          0          0          0          0          0   entry.o
         0          0          0          0          0          0   entry10a.o
         0          0          0          0          0          0   entry11a.o
         8          4          0          0          0          0   entry2.o
         4          0          0          0          0          0   entry5.o
         0          0          0          0          0          0   entry7b.o
         0          0          0          0          0          0   entry8b.o
         8          4          0          0          0          0   entry9a.o
        30          0          0          0          0          0   handlers.o
        36          8          0          0          0         68   init.o
        10          0          0          0          0         68   isspace_c.o
         0          0          0          0          0          0   iusefp.o
        30          0          0          0          0         68   llshl.o
        36          0          0          0          0         68   llsshr.o
        32          0          0          0          0         68   llushr.o
       360         30          0          0          0        356   mallocr.o
        36          0          0          0          0         68   memcpya.o
        36          0          0          0          0        108   memseta.o
         0          0          0          8          0          0   mvars.o
      2308         96          0          0          0        604   printfa.o
       838         12          0          0          0        216   scanf_fp.o
         0          0          0          4          0          0   stdout.o
        28          0          0          0          0         76   strcmp.o
        14          0          0          0          0         68   strlen.o
        30          0          0          0          0         80   strncmp.o
       156         12          0          0          0        120   strtod.o
        12          0          0          0          0         68   tolower.o
        44          0          0          0          0         80   uidiv.o
        98          0          0          0          0         92   uldiv.o
        48          0          0          0          0         68   cdcmple.o
        48          0          0          0          0         68   cdrcmple.o
        56          0          0          0          0         88   d2f.o
       334          0          0          0          0        148   dadd.o
       222          0          0          0          0        100   ddiv.o
       186          0          0          0          0        176   depilogue.o
        62          0          0          0          0         80   dfixi.o
        48          0          0          0          0         68   dfixul.o
        24          0          0          0          0         76   dfltul.o
       228          0          0          0          0         96   dmul.o
        38          0          0          0          0         68   f2d.o
       110          0          0          0          0        168   fepilogue.o

    ----------------------------------------------------------------------
      5716        186         64         12          0       3760   Library Totals
        14          4          0          0          0          0   (incl. Padding)

    ----------------------------------------------------------------------

      Code (inc. data)   RO Data    RW Data    ZI Data      Debug   Library Name

        40         10          0          0          0        128   m_wm.l
      4258        172         64         12          0       2428   mc_w.l
      1404          0          0          0          0       1204   mf_w.l

    ----------------------------------------------------------------------
      5716        186         64         12          0       3760   Library Totals

    ----------------------------------------------------------------------

==============================================================================


      Code (inc. data)   RO Data    RW Data    ZI Data      Debug   

     23984       1980       3928         88      17912     573690   Grand Totals
     23984       1980       3928         88      17912     573690   ELF Image Totals
     23984       1980       3928         88          0          0   ROM Totals

==============================================================================

    Total RO  Size (Code + RO Data)                27912 (  27.26kB)
    Total RW  Size (RW Data + ZI Data)             18000 (  17.58kB)
    Total ROM Size (Code + RO Data + RW Data)      28000 (  27.34kB)

==============================================================================

